Archive member included to satisfy reference by file (symbol)

c:/nxp/s32ds.3.4/s32ds/build_tools/gcc_v6.3/gcc-6.3-arm32-eabi/bin/../lib/gcc/arm-none-eabi/6.3.1/thumb/v7e-m/fpv4-sp/hard\libgcc.a(_arm_addsubdf3.o)
                              ./SDK/middleware/Press/Press.o (__aeabi_dsub)
c:/nxp/s32ds.3.4/s32ds/build_tools/gcc_v6.3/gcc-6.3-arm32-eabi/bin/../lib/gcc/arm-none-eabi/6.3.1/thumb/v7e-m/fpv4-sp/hard\libgcc.a(_arm_muldivdf3.o)
                              ./SDK/middleware/CanMsg/CanMsg.o (__aeabi_dmul)
c:/nxp/s32ds.3.4/s32ds/build_tools/gcc_v6.3/gcc-6.3-arm32-eabi/bin/../lib/gcc/arm-none-eabi/6.3.1/thumb/v7e-m/fpv4-sp/hard\libgcc.a(_arm_fixunsdfsi.o)
                              ./SDK/middleware/Press/Press.o (__aeabi_d2uiz)
c:/nxp/s32ds.3.4/s32ds/build_tools/gcc_v6.3/gcc-6.3-arm32-eabi/bin/../lib/gcc/arm-none-eabi/6.3.1/thumb/v7e-m/fpv4-sp/hard\libgcc.a(_arm_truncdfsf2.o)
                              ./SDK/middleware/CanMsg/CanMsg.o (__aeabi_d2f)
c:/nxp/s32ds.3.4/s32ds/build_tools/gcc_v6.3/gcc-6.3-arm32-eabi/bin/../lib/gcc/arm-none-eabi/6.3.1/thumb/v7e-m/fpv4-sp/hard\libgcc.a(_aeabi_ldivmod.o)
                              ./SDK/middleware/Fan/Fan.o (__aeabi_ldivmod)
c:/nxp/s32ds.3.4/s32ds/build_tools/gcc_v6.3/gcc-6.3-arm32-eabi/bin/../lib/gcc/arm-none-eabi/6.3.1/thumb/v7e-m/fpv4-sp/hard\libgcc.a(_aeabi_uldivmod.o)
                              ./SDK/platform/drivers/src/lptmr/lptmr_driver.o (__aeabi_uldivmod)
c:/nxp/s32ds.3.4/s32ds/build_tools/gcc_v6.3/gcc-6.3-arm32-eabi/bin/../lib/gcc/arm-none-eabi/6.3.1/thumb/v7e-m/fpv4-sp/hard\libgcc.a(_udivmoddi4.o)
                              c:/nxp/s32ds.3.4/s32ds/build_tools/gcc_v6.3/gcc-6.3-arm32-eabi/bin/../lib/gcc/arm-none-eabi/6.3.1/thumb/v7e-m/fpv4-sp/hard\libgcc.a(_aeabi_ldivmod.o) (__udivmoddi4)
c:/nxp/s32ds.3.4/s32ds/build_tools/gcc_v6.3/gcc-6.3-arm32-eabi/bin/../lib/gcc/arm-none-eabi/6.3.1/thumb/v7e-m/fpv4-sp/hard\libgcc.a(_dvmd_tls.o)
                              c:/nxp/s32ds.3.4/s32ds/build_tools/gcc_v6.3/gcc-6.3-arm32-eabi/bin/../lib/gcc/arm-none-eabi/6.3.1/thumb/v7e-m/fpv4-sp/hard\libgcc.a(_aeabi_ldivmod.o) (__aeabi_ldiv0)
C:/NXP/S32DS.3.4/S32DS/build_tools/gcc_b1620/gcc-6.3-arm32-eabi/arm-none-eabi/newlib/lib/thumb/v7e-m/fpv4-sp/hard\libc.a(lib_a-exit.o)
                              C:/NXP/S32DS.3.4/S32DS/build_tools/gcc_b1620/gcc-6.3-arm32-eabi/arm-none-eabi/newlib/lib/thumb/v7e-m/fpv4-sp/hard/crt0.o (exit)
C:/NXP/S32DS.3.4/S32DS/build_tools/gcc_b1620/gcc-6.3-arm32-eabi/arm-none-eabi/newlib/lib/thumb/v7e-m/fpv4-sp/hard\libc.a(lib_a-impure.o)
                              C:/NXP/S32DS.3.4/S32DS/build_tools/gcc_b1620/gcc-6.3-arm32-eabi/arm-none-eabi/newlib/lib/thumb/v7e-m/fpv4-sp/hard\libc.a(lib_a-exit.o) (_global_impure_ptr)
C:/NXP/S32DS.3.4/S32DS/build_tools/gcc_b1620/gcc-6.3-arm32-eabi/arm-none-eabi/newlib/lib/thumb/v7e-m/fpv4-sp/hard\libc.a(lib_a-init.o)
                              C:/NXP/S32DS.3.4/S32DS/build_tools/gcc_b1620/gcc-6.3-arm32-eabi/arm-none-eabi/newlib/lib/thumb/v7e-m/fpv4-sp/hard/crt0.o (__libc_init_array)
C:/NXP/S32DS.3.4/S32DS/build_tools/gcc_b1620/gcc-6.3-arm32-eabi/arm-none-eabi/newlib/lib/thumb/v7e-m/fpv4-sp/hard\libc.a(lib_a-memcpy-stub.o)
                              ./SDK/rtos/FreeRTOS/Source/queue.o (memcpy)
C:/NXP/S32DS.3.4/S32DS/build_tools/gcc_b1620/gcc-6.3-arm32-eabi/arm-none-eabi/newlib/lib/thumb/v7e-m/fpv4-sp/hard\libc.a(lib_a-memset.o)
                              C:/NXP/S32DS.3.4/S32DS/build_tools/gcc_b1620/gcc-6.3-arm32-eabi/arm-none-eabi/newlib/lib/thumb/v7e-m/fpv4-sp/hard/crt0.o (memset)
C:/NXP/S32DS.3.4/S32DS/build_tools/gcc_b1620/gcc-6.3-arm32-eabi/arm-none-eabi/newlib/lib/thumb/v7e-m/fpv4-sp/hard\libc.a(lib_a-sprintf.o)
                              ./SDK/rtos/FreeRTOS/Source/tasks.o (sprintf)
C:/NXP/S32DS.3.4/S32DS/build_tools/gcc_b1620/gcc-6.3-arm32-eabi/arm-none-eabi/newlib/lib/thumb/v7e-m/fpv4-sp/hard\libc.a(lib_a-strcpy.o)
                              ./SDK/rtos/FreeRTOS/Source/tasks.o (strcpy)
C:/NXP/S32DS.3.4/S32DS/build_tools/gcc_b1620/gcc-6.3-arm32-eabi/arm-none-eabi/newlib/lib/thumb/v7e-m/fpv4-sp/hard\libc.a(lib_a-strlen.o)
                              ./SDK/rtos/FreeRTOS/Source/tasks.o (strlen)
C:/NXP/S32DS.3.4/S32DS/build_tools/gcc_b1620/gcc-6.3-arm32-eabi/arm-none-eabi/newlib/lib/thumb/v7e-m/fpv4-sp/hard\libc.a(lib_a-svfprintf.o)
                              C:/NXP/S32DS.3.4/S32DS/build_tools/gcc_b1620/gcc-6.3-arm32-eabi/arm-none-eabi/newlib/lib/thumb/v7e-m/fpv4-sp/hard\libc.a(lib_a-sprintf.o) (_svfprintf_r)
C:/NXP/S32DS.3.4/S32DS/build_tools/gcc_b1620/gcc-6.3-arm32-eabi/arm-none-eabi/newlib/lib/thumb/v7e-m/fpv4-sp/hard\libc.a(lib_a-__call_atexit.o)
                              C:/NXP/S32DS.3.4/S32DS/build_tools/gcc_b1620/gcc-6.3-arm32-eabi/arm-none-eabi/newlib/lib/thumb/v7e-m/fpv4-sp/hard\libc.a(lib_a-exit.o) (__call_exitprocs)
C:/NXP/S32DS.3.4/S32DS/build_tools/gcc_b1620/gcc-6.3-arm32-eabi/arm-none-eabi/newlib/lib/thumb/v7e-m/fpv4-sp/hard\libc.a(lib_a-dtoa.o)
[...]
Memory Configuration

Name             Origin             Length             Attributes
m_interrupts     0x00000000         0x00000400         xr
m_flash_config   0x00000400         0x00000010         xr
m_text           0x00000410         0x0007fbf0         xr
m_data           0x1fff8000         0x00008000         rw
m_data_2         0x20000000         0x00007000         rw
*default*        0x00000000         0xffffffff

Linker script and memory map

LOAD c:/nxp/s32ds.3.4/s32ds/build_tools/gcc_v6.3/gcc-6.3-arm32-eabi/bin/../lib/gcc/arm-none-eabi/6.3.1/thumb/v7e-m/fpv4-sp/hard/crti.o
LOAD c:/nxp/s32ds.3.4/s32ds/build_tools/gcc_v6.3/gcc-6.3-arm32-eabi/bin/../lib/gcc/arm-none-eabi/6.3.1/thumb/v7e-m/fpv4-sp/hard/crtbegin.o
LOAD C:/NXP/S32DS.3.4/S32DS/build_tools/gcc_b1620/gcc-6.3-arm32-eabi/arm-none-eabi/newlib/lib/thumb/v7e-m/fpv4-sp/hard/crt0.o
LOAD ./APP/Task_Com/Task_Com.o
LOAD ./APP/Task_Cyclic/Task_Cyclic.o
LOAD ./APP/Task_Cyclic/Task_Cyclic_Cfg.o
LOAD ./APP/Task_General/Task_General.o
LOAD ./APP/Task_PowerMode/Task_PowerMode.o
LOAD ./Project_Settings/Startup_Code/startup_S32K144.o
LOAD ./SDK/middleware/AdcPal/AdcPal.o
LOAD ./SDK/middleware/AdcPal/AdcPal_Cfg.o
LOAD ./SDK/middleware/BinarySearch/BinarySearch.o
LOAD ./SDK/middleware/CanMsg/CanMsg.o
LOAD ./SDK/middleware/CanMsg/CanMsg_Cfg.o
LOAD ./SDK/middleware/EXV/EXV.o
LOAD ./SDK/middleware/EXV/EXV_Cfg.o
LOAD ./SDK/middleware/Fan/Fan.o
LOAD ./SDK/middleware/Fan/Fan_Cfg.o
LOAD ./SDK/middleware/LiquidLevel/LiquidLevel.o
LOAD ./SDK/middleware/LiquidLevel/LiquidLevel_Cfg.o
LOAD ./SDK/middleware/PowerCtr/PowerCtr.o
LOAD ./SDK/middleware/Press/Press.o
LOAD ./SDK/middleware/Press/Press_Cfg.o
LOAD ./SDK/middleware/Pump/Pump.o
LOAD ./SDK/middleware/Pump/Pump_Cfg.o
LOAD ./SDK/middleware/StateMachine/StateMachine.o
LOAD ./SDK/middleware/StateMachine/StateMachine_Cfg.o
LOAD ./SDK/middleware/Temperature/TemperConvert.o
LOAD ./SDK/middleware/Temperature/Temperature.o
LOAD ./SDK/middleware/Valve/Valve.o
LOAD ./SDK/middleware/Valve/Valve_Cfg.o
LOAD ./SDK/middleware/lin/coreapi/lin_common_api.o
LOAD ./SDK/middleware/lin/coreapi/lin_common_proto.o
LOAD ./SDK/middleware/lin/coreapi/lin_j2602_proto.o
LOAD ./SDK/middleware/lin/coreapi/lin_lin21_proto.o
LOAD ./SDK/middleware/lin/diagnostic/lin_diagnostic_service.o
LOAD ./SDK/middleware/lin/linMaster.o
LOAD ./SDK/middleware/lin/lowlevel/lin.o
LOAD ./SDK/middleware/lin/transport/lin_commontl_api.o
LOAD ./SDK/middleware/lin/transport/lin_commontl_proto.o
LOAD ./SDK/platform/devices/S32K144/startup/system_S32K144.o
LOAD ./SDK/platform/devices/startup.o
LOAD ./SDK/platform/drivers/src/adc/adc_driver.o
LOAD ./SDK/platform/drivers/src/clock/S32K1xx/clock_S32K1xx.o
LOAD ./SDK/platform/drivers/src/edma/edma_driver.o
LOAD ./SDK/platform/drivers/src/edma/edma_hw_access.o
LOAD ./SDK/platform/drivers/src/edma/edma_irq.o
LOAD ./SDK/platform/drivers/src/flash/flash_driver.o
LOAD ./SDK/platform/drivers/src/flexcan/flexcan_driver.o
LOAD ./SDK/platform/drivers/src/flexcan/flexcan_hw_access.o
LOAD ./SDK/platform/drivers/src/flexcan/flexcan_irq.o
LOAD ./SDK/platform/drivers/src/ftm/ftm_common.o
LOAD ./SDK/platform/drivers/src/ftm/ftm_hw_access.o
LOAD ./SDK/platform/drivers/src/ftm/ftm_pwm_driver.o
LOAD ./SDK/platform/drivers/src/interrupt/interrupt_manager.o
LOAD ./SDK/platform/drivers/src/lin/lin_common.o
LOAD ./SDK/platform/drivers/src/lin/lin_driver.o
LOAD ./SDK/platform/drivers/src/lin/lin_irq.o
LOAD ./SDK/platform/drivers/src/lptmr/lptmr_driver.o
LOAD ./SDK/platform/drivers/src/lptmr/lptmr_hw_access.o
LOAD ./SDK/platform/drivers/src/lpuart/lin_lpuart_driver.o
LOAD ./SDK/platform/drivers/src/lpuart/lpuart_driver.o
LOAD ./SDK/platform/drivers/src/lpuart/lpuart_hw_access.o
LOAD ./SDK/platform/drivers/src/lpuart/lpuart_irq.o
LOAD ./SDK/platform/drivers/src/pdb/pdb_driver.o
LOAD ./SDK/platform/drivers/src/pdb/pdb_hw_access.o
LOAD ./SDK/platform/drivers/src/pins/pins_driver.o
LOAD ./SDK/platform/drivers/src/pins/pins_port_hw_access.o
LOAD ./SDK/platform/drivers/src/power/S32K1xx/power_manager_S32K1xx.o
LOAD ./SDK/platform/drivers/src/power/S32K1xx/power_smc_hw_access.o
LOAD ./SDK/platform/drivers/src/power/power_manager.o
LOAD ./SDK/platform/drivers/src/trgmux/trgmux_driver.o
LOAD ./SDK/platform/drivers/src/trgmux/trgmux_hw_access.o
LOAD ./SDK/platform/drivers/src/wdog/wdog_driver.o
LOAD ./SDK/platform/drivers/src/wdog/wdog_hw_access.o
LOAD ./SDK/platform/pal/src/adc/adc_irq.o
LOAD ./SDK/platform/pal/src/adc/adc_pal.o
LOAD ./SDK/platform/pal/src/can/can_pal.o
LOAD ./SDK/platform/pal/src/pwm/pwm_pal.o
LOAD ./SDK/rtos/FreeRTOS/Source/croutine.o
LOAD ./SDK/rtos/FreeRTOS/Source/event_groups.o
LOAD ./SDK/rtos/FreeRTOS/Source/list.o
LOAD ./SDK/rtos/FreeRTOS/Source/queue.o
LOAD ./SDK/rtos/FreeRTOS/Source/stream_buffer.o
LOAD ./SDK/rtos/FreeRTOS/Source/tasks.o
LOAD ./SDK/rtos/FreeRTOS/Source/timers.o
LOAD ./SDK/rtos/FreeRTOS/Source/portable/GCC/ARM_CM4F/port.o
LOAD ./SDK/rtos/FreeRTOS/Source/portable/MemMang/heap_4.o
LOAD ./SDK/rtos/osif/osif_freertos.o
LOAD ./board/clock_config.o
LOAD ./board/lin_cfg.o
LOAD ./board/peripherals_adc_pal_1.o
LOAD ./board/peripherals_adc_pal_2.o
LOAD ./board/peripherals_can_pal_1.o
LOAD ./board/peripherals_can_pal_2.o
LOAD ./board/peripherals_freertos_1.o
LOAD ./board/peripherals_lin_1.o
LOAD ./board/peripherals_linstack_config_1.o
LOAD ./board/peripherals_lptmr_1.o
LOAD ./board/peripherals_power_manager_1.o
LOAD ./board/peripherals_pwm_pal_1.o
LOAD ./board/peripherals_pwm_pal_2.o
LOAD ./board/pin_mux.o
LOAD ./src/main.o
LOAD ./src/rtos.o
START GROUP
LOAD c:/nxp/s32ds.3.4/s32ds/build_tools/gcc_v6.3/gcc-6.3-arm32-eabi/bin/../lib/gcc/arm-none-eabi/6.3.1/thumb/v7e-m/fpv4-sp/hard\libgcc.a
LOAD C:/NXP/S32DS.3.4/S32DS/build_tools/gcc_b1620/gcc-6.3-arm32-eabi/arm-none-eabi/newlib/lib/thumb/v7e-m/fpv4-sp/hard\libc.a
END GROUP
START GROUP
LOAD c:/nxp/s32ds.3.4/s32ds/build_tools/gcc_v6.3/gcc-6.3-arm32-eabi/bin/../lib/gcc/arm-none-eabi/6.3.1/thumb/v7e-m/fpv4-sp/hard\libgcc.a
LOAD C:/NXP/S32DS.3.4/S32DS/build_tools/gcc_b1620/gcc-6.3-arm32-eabi/arm-none-eabi/newlib/lib/thumb/v7e-m/fpv4-sp/hard\libc.a
LOAD C:/NXP/S32DS.3.4/S32DS/build_tools/gcc_b1620/gcc-6.3-arm32-eabi/arm-none-eabi/newlib/lib/thumb/v7e-m/fpv4-sp/hard\libnosys.a
END GROUP
LOAD c:/nxp/s32ds.3.4/s32ds/build_tools/gcc_v6.3/gcc-6.3-arm32-eabi/bin/../lib/gcc/arm-none-eabi/6.3.1/thumb/v7e-m/fpv4-sp/hard/crtend.o
LOAD c:/nxp/s32ds.3.4/s32ds/build_tools/gcc_v6.3/gcc-6.3-arm32-eabi/bin/../lib/gcc/arm-none-eabi/6.3.1/thumb/v7e-m/fpv4-sp/hard/crtn.o
                0x00000400                HEAP_SIZE = DEFINED (__heap_size__)?__heap_size__:0x400
                0x00000400                STACK_SIZE = DEFINED (__stack_size__)?__stack_size__:0x400
                0x00000400                M_VECTOR_RAM_SIZE = DEFINED (__flash_vector_table__)?0x0:0x400

.interrupts     0x00000000      0x400
                0x00000000                __VECTOR_TABLE = .
                0x00000000                __interrupts_start__ = .
                0x00000000                . = ALIGN (0x4)
 *(.isr_vector)
 .isr_vector    0x00000000      0x400 ./Project_Settings/Startup_Code/startup_S32K144.o
                0x00000000                __isr_vector
                0x00000400                __interrupts_end__ = .
                0x00000400                . = ALIGN (0x4)

.flash_config   0x00000400       0x10
                0x00000400                . = ALIGN (0x4)
 *(.FlashConfig)
 .FlashConfig   0x00000400       0x10 ./Project_Settings/Startup_Code/startup_S32K144.o
                0x00000410                . = ALIGN (0x4)

.text           0x00000410    0x16a00
                0x00000410                . = ALIGN (0x4)
 *(.text)
 .text          0x00000410       0x6c ./Project_Settings/Startup_Code/startup_S32K144.o
                0x00000410                Reset_Handler
                0x00000478                DebugMon_Handler
                0x00000478                Reserved88_IRQHandler
                0x00000478                HardFault_Handler
                0x00000478                Reserved86_IRQHandler
                0x00000478                Reserved103_IRQHandler
                0x00000478                FTM2_Ovf_Reload_IRQHandler
                0x00000478                Reserved50_IRQHandler
                0x00000478                FTFC_Fault_IRQHandler
                0x00000478                FTM0_Ch6_Ch7_IRQHandler
                0x00000478                Reserved114_IRQHandler
                0x00000478                NMI_Handler
                0x00000478                Reserved89_IRQHandler
                0x00000478                ERM_double_fault_IRQHandler
                0x00000478                Reserved59_IRQHandler
                0x00000478                LPIT0_Ch0_IRQHandler
                0x00000478                Reserved99_IRQHandler
                0x00000478                FTM3_Ch6_Ch7_IRQHandler
                0x00000478                LPIT0_Ch3_IRQHandler
                0x00000478                Reserved92_IRQHandler
                0x00000478                FTM0_Ch4_Ch5_IRQHandler
                0x00000478                FTM3_Ch0_Ch1_IRQHandler
                0x00000478                SWI_IRQHandler
                0x00000478                FTM2_Ch4_Ch5_IRQHandler
                0x00000478                UsageFault_Handler
                0x00000478                FTM0_Ovf_Reload_IRQHandler
                0x00000478                DefaultISR
                0x00000478                Reserved58_IRQHandler
                0x00000478                FTM1_Ch2_Ch3_IRQHandler
                0x00000478                Reserved82_IRQHandler
                0x00000478                LPI2C0_Slave_IRQHandler
                0x00000478                Reserved71_IRQHandler
                0x00000478                PORTD_IRQHandler
                0x00000478                Reserved69_IRQHandler
                0x00000478                PORTB_IRQHandler
                0x00000478                Reserved70_IRQHandler
                0x00000478                FTM2_Ch2_Ch3_IRQHandler
                0x00000478                Reserved53_IRQHandler
                0x00000478                RTC_IRQHandler
                0x00000478                PDB0_IRQHandler
                0x00000478                Reserved54_IRQHandler
                0x00000478                FTM2_Ch6_Ch7_IRQHandler
                0x00000478                FTM3_Ch2_Ch3_IRQHandler
                0x00000478                FTM2_Ch0_Ch1_IRQHandler
                0x00000478                LPSPI1_IRQHandler
                0x00000478                LPUART1_RxTx_IRQHandler
                0x00000478                RTC_Seconds_IRQHandler
                0x00000478                Reserved72_IRQHandler
                0x00000478                Reserved110_IRQHandler
                0x00000478                Reserved107_IRQHandler
                0x00000478                Read_Collision_IRQHandler
                0x00000478                FTFC_IRQHandler
                0x00000478                FTM1_Ch6_Ch7_IRQHandler
                0x00000478                Reserved105_IRQHandler
                0x00000478                LPIT0_Ch1_IRQHandler
                0x00000478                FTM1_Ch4_Ch5_IRQHandler
                0x00000478                FTM3_Ovf_Reload_IRQHandler
                0x00000478                LPUART2_RxTx_IRQHandler
                0x00000478                LPSPI0_IRQHandler
                0x00000478                WDOG_EWM_IRQHandler
                0x00000478                MemManage_Handler
                0x00000478                Reserved90_IRQHandler
                0x00000478                Reserved83_IRQHandler
                0x00000478                FTM0_Fault_IRQHandler
                0x00000478                Reserved48_IRQHandler
                0x00000478                ERM_single_fault_IRQHandler
                0x00000478                FTM2_Fault_IRQHandler
                0x00000478                FTM0_Ch2_Ch3_IRQHandler
                0x00000478                FTM0_Ch0_Ch1_IRQHandler
                0x00000478                FTM3_Fault_IRQHandler
                0x00000478                RCM_IRQHandler
                0x00000478                Reserved100_IRQHandler
                0x00000478                Reserved91_IRQHandler
                0x00000478                SCG_IRQHandler
                0x00000478                PDB1_IRQHandler
                0x00000478                Reserved81_IRQHandler
                0x00000478                Reserved46_IRQHandler
                0x00000478                Reserved45_IRQHandler
                0x00000478                Reserved112_IRQHandler
                0x00000478                LPI2C0_Master_IRQHandler
                0x00000478                FTM1_Fault_IRQHandler
                0x00000478                Reserved106_IRQHandler
                0x00000478                LVD_LVW_IRQHandler
                0x00000478                LPIT0_Ch2_IRQHandler
                0x00000478                PORTA_IRQHandler
                0x00000478                MCM_IRQHandler
                0x00000478                LPSPI2_IRQHandler
                0x00000478                FTM3_Ch4_Ch5_IRQHandler
                0x00000478                PORTE_IRQHandler
                0x00000478                LPUART0_RxTx_IRQHandler
                0x00000478                LPTMR0_IRQHandler
                0x00000478                BusFault_Handler
                0x00000478                Reserved87_IRQHandler
                0x00000478                FTM1_Ovf_Reload_IRQHandler
                0x00000478                Reserved93_IRQHandler
                0x00000478                CMP0_IRQHandler
                0x00000478                Reserved52_IRQHandler
                0x00000478                PORTC_IRQHandler
                0x00000478                FTM1_Ch0_Ch1_IRQHandler
                0x00000478                FLEXIO_IRQHandler
                0x00000478                Reserved113_IRQHandler
 .text          0x0000047c       0xa0 c:/nxp/s32ds.3.4/s32ds/build_tools/gcc_v6.3/gcc-6.3-arm32-eabi/bin/../lib/gcc/arm-none-eabi/6.3.1/thumb/v7e-m/fpv4-sp/hard\libgcc.a(_aeabi_ldivmod.o)
                0x0000047c                __aeabi_ldivmod
 .text          0x0000051c       0x30 c:/nxp/s32ds.3.4/s32ds/build_tools/gcc_v6.3/gcc-6.3-arm32-eabi/bin/../lib/gcc/arm-none-eabi/6.3.1/thumb/v7e-m/fpv4-sp/hard\libgcc.a(_aeabi_uldivmod.o)
                0x0000051c                __aeabi_uldivmod
 .text          0x0000054c      0x2e4 c:/nxp/s32ds.3.4/s32ds/build_tools/gcc_v6.3/gcc-6.3-arm32-eabi/bin/../lib/gcc/arm-none-eabi/6.3.1/thumb/v7e-m/fpv4-sp/hard\libgcc.a(_udivmoddi4.o)
                0x0000054c                __udivmoddi4
 .text          0x00000830        0x4 c:/nxp/s32ds.3.4/s32ds/build_tools/gcc_v6.3/gcc-6.3-arm32-eabi/bin/../lib/gcc/arm-none-eabi/6.3.1/thumb/v7e-m/fpv4-sp/hard\libgcc.a(_dvmd_tls.o)
                0x00000830                __aeabi_idiv0
                0x00000830                __aeabi_ldiv0
 *(.text*)
 .text.Task_Com
                0x00000834      0x130 ./APP/Task_Com/Task_Com.o
                0x00000834                Task_Com
 .text.Task_Cyclic
                0x00000964      0x1b0 ./APP/Task_Cyclic/Task_Cyclic.o
                0x00000964                Task_Cyclic
 .text.Task_General
                0x00000b14       0xa0 ./APP/Task_General/Task_General.o
                0x00000b14                Task_General
 .text.Task_PowerMode
                0x00000bb4      0x158 ./APP/Task_PowerMode/Task_PowerMode.o
                0x00000bb4                Task_PowerMode
 .text.adc_pal_1_callback0
                0x00000d0c       0x20 ./SDK/middleware/AdcPal/AdcPal.o
                0x00000d0c                adc_pal_1_callback0
 .text.adc_pal_1_callback1
                0x00000d2c       0x16 ./SDK/middleware/AdcPal/AdcPal.o
                0x00000d2c                adc_pal_1_callback1
 *fill*         0x00000d42        0x2 
 .text.adc_pal_2_callback0
                0x00000d44       0x20 ./SDK/middleware/AdcPal/AdcPal.o
                0x00000d44                adc_pal_2_callback0
 .text.adc_pal_2_callback1
                0x00000d64       0x16 ./SDK/middleware/AdcPal/AdcPal.o
                0x00000d64                adc_pal_2_callback1
 *fill*         0x00000d7a        0x2 
 .text.AdcPal_GetCHRawValue
                0x00000d7c       0x30 ./SDK/middleware/AdcPal/AdcPal.o
                0x00000d7c                AdcPal_GetCHRawValue
 .text.AdcPal_Main
                0x00000dac       0xcc ./SDK/middleware/AdcPal/AdcPal.o
                0x00000dac                AdcPal_Main
 .text.BinSearch_Interval_uint32
                0x00000e78      0x1d8 ./SDK/middleware/BinarySearch/BinarySearch.o
                0x00000e78                BinSearch_Interval_uint32
 .text.Can0_RxCallback
                0x00001050       0xf0 ./SDK/middleware/CanMsg/CanMsg.o
                0x00001050                Can0_RxCallback
 .text.CanMsg_Init
                0x00001140       0xbc ./SDK/middleware/CanMsg/CanMsg.o
                0x00001140                CanMsg_Init
 .text.CanMsg_Main
                0x000011fc      0x2e0 ./SDK/middleware/CanMsg/CanMsg.o
                0x000011fc                CanMsg_Main
 .text.CanSig_SetCompTargetSpeed
                0x000014dc       0x20 ./SDK/middleware/CanMsg/CanMsg.o
                0x000014dc                CanSig_SetCompTargetSpeed
 .text.CanSig_SetCompEnable
                0x000014fc       0x20 ./SDK/middleware/CanMsg/CanMsg.o
                0x000014fc                CanSig_SetCompEnable
 .text.CanSig_SetTemperInner
                0x0000151c       0x3c ./SDK/middleware/CanMsg/CanMsg.o
                0x0000151c                CanSig_SetTemperInner
 .text.CanSig_SetTemperBattWter
                0x00001558       0x3c ./SDK/middleware/CanMsg/CanMsg.o
                0x00001558                CanSig_SetTemperBattWter
 .text.CanSig_SetTemperEvap
                0x00001594       0x3c ./SDK/middleware/CanMsg/CanMsg.o
                0x00001594                CanSig_SetTemperEvap
 .text.CanSig_SetTemperExternal
                0x000015d0       0x3c ./SDK/middleware/CanMsg/CanMsg.o
                0x000015d0                CanSig_SetTemperExternal
 .text.CanSig_SetTemperMotorWater1
                0x0000160c       0x3c ./SDK/middleware/CanMsg/CanMsg.o
                0x0000160c                CanSig_SetTemperMotorWater1
 .text.CanSig_SetTemperMotorWater2
                0x00001648       0x3c ./SDK/middleware/CanMsg/CanMsg.o
                0x00001648                CanSig_SetTemperMotorWater2
 .text.CanSig_SetTemperMotorWater3
                0x00001684       0x3c ./SDK/middleware/CanMsg/CanMsg.o
                0x00001684                CanSig_SetTemperMotorWater3
 .text.CanSig_SetTemperWarmAir
                0x000016c0       0x3c ./SDK/middleware/CanMsg/CanMsg.o
                0x000016c0                CanSig_SetTemperWarmAir
 .text.CanSig_SetTemperHeatPump1
                0x000016fc       0x3c ./SDK/middleware/CanMsg/CanMsg.o
                0x000016fc                CanSig_SetTemperHeatPump1
 .text.CanSig_SetTemperHeatPump2
                0x00001738       0x3c ./SDK/middleware/CanMsg/CanMsg.o
                0x00001738                CanSig_SetTemperHeatPump2
 .text.CanSig_SetTemperHydpressOil1
                0x00001774       0x3c ./SDK/middleware/CanMsg/CanMsg.o
                0x00001774                CanSig_SetTemperHydpressOil1
 .text.CanSig_SetTemperHydpressOil2
                0x000017b0       0x3c ./SDK/middleware/CanMsg/CanMsg.o
                0x000017b0                CanSig_SetTemperHydpressOil2
 .text.CanSig_SetExvBattPos
                0x000017ec       0x2c ./SDK/middleware/CanMsg/CanMsg.o
                0x000017ec                CanSig_SetExvBattPos
 .text.CanSig_SetExvHeatPumpPos
                0x00001818       0x2c ./SDK/middleware/CanMsg/CanMsg.o
                0x00001818                CanSig_SetExvHeatPumpPos
 .text.CanSig_SetLiquidLevelAirCond
                0x00001844       0x2c ./SDK/middleware/CanMsg/CanMsg.o
                0x00001844                CanSig_SetLiquidLevelAirCond
 .text.CanSig_SetLiquidLevelBatt
                0x00001870       0x2c ./SDK/middleware/CanMsg/CanMsg.o
                0x00001870                CanSig_SetLiquidLevelBatt
 .text.CanSig_SetLiquidLevelMotor
                0x0000189c       0x2c ./SDK/middleware/CanMsg/CanMsg.o
                0x0000189c                CanSig_SetLiquidLevelMotor
 .text.CanSig_SetValveAc
                0x000018c8       0x2c ./SDK/middleware/CanMsg/CanMsg.o
                0x000018c8                CanSig_SetValveAc
 .text.CanSig_SetValveHot
                0x000018f4       0x2c ./SDK/middleware/CanMsg/CanMsg.o
                0x000018f4                CanSig_SetValveHot
 .text.CanSig_SetValveCutOff
                0x00001920       0x2c ./SDK/middleware/CanMsg/CanMsg.o
                0x00001920                CanSig_SetValveCutOff
 .text.CanSig_SetValveBattWater1
                0x0000194c       0x2c ./SDK/middleware/CanMsg/CanMsg.o
                0x0000194c                CanSig_SetValveBattWater1
 .text.CanSig_SetValveBattWater2
                0x00001978       0x2c ./SDK/middleware/CanMsg/CanMsg.o
                0x00001978                CanSig_SetValveBattWater2
 .text.CanSig_SetPressHeatPump1
                0x000019a4       0x20 ./SDK/middleware/CanMsg/CanMsg.o
                0x000019a4                CanSig_SetPressHeatPump1
 .text.CanSig_SetPressHeatPump2
                0x000019c4       0x20 ./SDK/middleware/CanMsg/CanMsg.o
                0x000019c4                CanSig_SetPressHeatPump2
 .text.CanSig_SetPressAirCond
                0x000019e4       0x20 ./SDK/middleware/CanMsg/CanMsg.o
                0x000019e4                CanSig_SetPressAirCond
 .text.CanSig_GetVcuReq
                0x00001a04       0x1c ./SDK/middleware/CanMsg/CanMsg.o
                0x00001a04                CanSig_GetVcuReq
 .text.CanSig_GetAcReq
                0x00001a20       0x1c ./SDK/middleware/CanMsg/CanMsg.o
                0x00001a20                CanSig_GetAcReq
 .text.EXV_SetSleepPin
                0x00001a3c       0x44 ./SDK/middleware/EXV/EXV.o
 .text.EXV_SetEnablePin
                0x00001a80       0x44 ./SDK/middleware/EXV/EXV.o
 .text.EXV_SetDirectPin
                0x00001ac4       0x84 ./SDK/middleware/EXV/EXV.o
 .text.EXV_Init
                0x00001b48       0x70 ./SDK/middleware/EXV/EXV.o
                0x00001b48                EXV_Init
 .text.EXV_ProcessPulse
                0x00001bb8       0xfc ./SDK/middleware/EXV/EXV.o
                0x00001bb8                EXV_ProcessPulse
 .text.EXV_Main
                0x00001cb4       0xfc ./SDK/middleware/EXV/EXV.o
                0x00001cb4                EXV_Main
 .text.LiquidLevel_GetBattMv
                0x00001db0       0xac ./SDK/middleware/LiquidLevel/LiquidLevel.o
 .text.LiquidLevel_IsEmpty
                0x00001e5c       0x46 ./SDK/middleware/LiquidLevel/LiquidLevel.o
                0x00001e5c                LiquidLevel_IsEmpty
 *fill*         0x00001ea2        0x2 
 .text.PowerCtr_OnOffSensor5V
                0x00001ea4       0x24 ./SDK/middleware/PowerCtr/PowerCtr.o
                0x00001ea4                PowerCtr_OnOffSensor5V
 .text.PowerCtr_OnOffPwm24V
                0x00001ec8       0x24 ./SDK/middleware/PowerCtr/PowerCtr.o
                0x00001ec8                PowerCtr_OnOffPwm24V
 .text.PowerCtr_GetBattVoltMv
                0x00001eec       0x7a ./SDK/middleware/PowerCtr/PowerCtr.o
                0x00001eec                PowerCtr_GetBattVoltMv
 .text.PowerCtr_GetIgnVoltMv
                0x00001f66       0x7a ./SDK/middleware/PowerCtr/PowerCtr.o
                0x00001f66                PowerCtr_GetIgnVoltMv
 .text.Press_GetDeviceKPa
                0x00001fe0       0x4e ./SDK/middleware/Press/Press.o
                0x00001fe0                Press_GetDeviceKPa
 .text.SM_Main  0x0000202e       0x16 ./SDK/middleware/StateMachine/StateMachine.o
                0x0000202e                SM_Main
 .text.Temper_Convert_External
                0x00002044       0xc8 ./SDK/middleware/Temperature/TemperConvert.o
                0x00002044                Temper_Convert_External
 .text.Temper_Convert_BattWater
                0x0000210c       0xd0 ./SDK/middleware/Temperature/TemperConvert.o
                0x0000210c                Temper_Convert_BattWater
 .text.Temper_Convert_HeatPump
                0x000021dc       0xd0 ./SDK/middleware/Temperature/TemperConvert.o
                0x000021dc                Temper_Convert_HeatPump
 .text.Temper_Convert_Evaporator
                0x000022ac       0xc8 ./SDK/middleware/Temperature/TemperConvert.o
                0x000022ac                Temper_Convert_Evaporator
 .text.Temper_Convert_MotorWater
                0x00002374       0xc8 ./SDK/middleware/Temperature/TemperConvert.o
                0x00002374                Temper_Convert_MotorWater
 .text.Temper_Convert_Inner_GaoLi
                0x0000243c       0xc8 ./SDK/middleware/Temperature/TemperConvert.o
                0x0000243c                Temper_Convert_Inner_GaoLi
 .text.Temper_GetExternal
                0x00002504       0x9c ./SDK/middleware/Temperature/Temperature.o
                0x00002504                Temper_GetExternal
 .text.Temper_GetBattWaterIn
                0x000025a0       0x9c ./SDK/middleware/Temperature/Temperature.o
                0x000025a0                Temper_GetBattWaterIn
 .text.Temper_GetHeatPump
                0x0000263c       0xbc ./SDK/middleware/Temperature/Temperature.o
                0x0000263c                Temper_GetHeatPump
 .text.Temper_GetEvaporator
                0x000026f8       0x9c ./SDK/middleware/Temperature/Temperature.o
                0x000026f8                Temper_GetEvaporator
 .text.Temper_GetInner
                0x00002794       0x9c ./SDK/middleware/Temperature/Temperature.o
                0x00002794                Temper_GetInner
 .text.Temper_GetMotorWater
                0x00002830       0xcc ./SDK/middleware/Temperature/Temperature.o
                0x00002830                Temper_GetMotorWater
 .text.Temper_GetBattWaterOut
                0x000028fc       0x9c ./SDK/middleware/Temperature/Temperature.o
                0x000028fc                Temper_GetBattWaterOut
 .text.Valve_Hot
                0x00002998       0x3c ./SDK/middleware/Valve/Valve.o
                0x00002998                Valve_Hot
 .text.Valve_AC
                0x000029d4       0x3c ./SDK/middleware/Valve/Valve.o
                0x000029d4                Valve_AC
 .text.Valve_CutOff
                0x00002a10       0x3c ./SDK/middleware/Valve/Valve.o
                0x00002a10                Valve_CutOff
 .text.Valve_GetBattTripleWaterFdbkMv
                0x00002a4c       0x9c ./SDK/middleware/Valve/Valve.o
                0x00002a4c                Valve_GetBattTripleWaterFdbkMv
 .text.Valve_BattTripWater_Init
                0x00002ae8       0x2e ./SDK/middleware/Valve/Valve.o
                0x00002ae8                Valve_BattTripWater_Init
 *fill*         0x00002b16        0x2 
 .text.Valve_BattTripleWater
                0x00002b18      0x124 ./SDK/middleware/Valve/Valve.o
                0x00002b18                Valve_BattTripleWater
 .text.Valve_BattTripleWater_Main
                0x00002c3c      0x114 ./SDK/middleware/Valve/Valve.o
                0x00002c3c                Valve_BattTripleWater_Main
 .text.Valve_MotorTriple
                0x00002d50       0x16 ./SDK/middleware/Valve/Valve.o
                0x00002d50                Valve_MotorTriple
 .text.DevAssert
                0x00002d66       0x22 ./SDK/middleware/lin/coreapi/lin_common_api.o
 .text.l_sys_init
                0x00002d88       0x10 ./SDK/middleware/lin/coreapi/lin_common_api.o
                0x00002d88                l_sys_init
 .text.l_sch_set
                0x00002d98       0xc0 ./SDK/middleware/lin/coreapi/lin_common_api.o
                0x00002d98                l_sch_set
 .text.lin_master_update_signal
                0x00002e58       0xe8 ./SDK/middleware/lin/coreapi/lin_common_api.o
 .text.lin_master_update_frame_before_transmit
                0x00002f40      0x190 ./SDK/middleware/lin/coreapi/lin_common_api.o
 .text.l_sch_tick
                0x000030d0      0x250 ./SDK/middleware/lin/coreapi/lin_common_api.o
                0x000030d0                l_sch_tick
 .text.l_ifc_init
                0x00003320       0xd4 ./SDK/middleware/lin/coreapi/lin_common_api.o
                0x00003320                l_ifc_init
 .text.lin_tl_callback_handler
                0x000033f4       0x20 ./SDK/middleware/lin/coreapi/lin_common_api.o
                0x000033f4                lin_tl_callback_handler
 .text.lin_pid_resp_callback_handler
                0x00003414       0x90 ./SDK/middleware/lin/coreapi/lin_common_proto.o
                0x00003414                lin_pid_resp_callback_handler
 .text.lin_process_id
                0x000034a4      0x100 ./SDK/middleware/lin/coreapi/lin_common_proto.o
 .text.lin_update_rx
                0x000035a4      0x1ac ./SDK/middleware/lin/coreapi/lin_common_proto.o
 .text.lin_update_tx
                0x00003750      0x124 ./SDK/middleware/lin/coreapi/lin_common_proto.o
 .text.lin_handle_error
                0x00003874       0x8c ./SDK/middleware/lin/coreapi/lin_common_proto.o
 .text.lin_bus_activity_timeout
                0x00003900       0x1a ./SDK/middleware/lin/coreapi/lin_common_proto.o
 *fill*         0x0000391a        0x2 
 .text.lin_switch_sch_table
                0x0000391c       0xd0 ./SDK/middleware/lin/coreapi/lin_common_proto.o
                0x0000391c                lin_switch_sch_table
 .text.lin_check_sporadic_update
                0x000039ec       0xe8 ./SDK/middleware/lin/coreapi/lin_common_proto.o
                0x000039ec                lin_check_sporadic_update
 .text.lin_update_tx_flags
                0x00003ad4       0xd0 ./SDK/middleware/lin/coreapi/lin_common_proto.o
 .text.lin_get_frame_index
                0x00003ba4       0x6c ./SDK/middleware/lin/coreapi/lin_common_proto.o
                0x00003ba4                lin_get_frame_index
 .text.lin_make_uncd_frame
                0x00003c10       0xb4 ./SDK/middleware/lin/coreapi/lin_common_proto.o
                0x00003c10                lin_make_uncd_frame
 .text.lin_update_uncd_frame
                0x00003cc4       0xdc ./SDK/middleware/lin/coreapi/lin_common_proto.o
                0x00003cc4                lin_update_uncd_frame
 .text.lin_process_diag_frame
                0x00003da0       0xac ./SDK/middleware/lin/coreapi/lin_common_proto.o
 .text.lin_update_word_status_j2602
                0x00003e4c       0xb4 ./SDK/middleware/lin/coreapi/lin_j2602_proto.o
                0x00003e4c                lin_update_word_status_j2602
 .text.lin_collision_resolve
                0x00003f00       0xa0 ./SDK/middleware/lin/coreapi/lin_lin21_proto.o
                0x00003f00                lin_collision_resolve
 .text.lin_update_word_status_lin21
                0x00003fa0      0x178 ./SDK/middleware/lin/coreapi/lin_lin21_proto.o
                0x00003fa0                lin_update_word_status_lin21
 .text.lin_update_rx_evnt_frame
                0x00004118       0xb8 ./SDK/middleware/lin/coreapi/lin_lin21_proto.o
                0x00004118                lin_update_rx_evnt_frame
 .text.LPTMR_ISR
                0x000041d0       0x48 ./SDK/middleware/lin/linMaster.o
                0x000041d0                LPTMR_ISR
 .text.lin0TimerGetTimeIntervalCallback0
                0x00004218       0x58 ./SDK/middleware/lin/linMaster.o
                0x00004218                lin0TimerGetTimeIntervalCallback0
 .text.LinMaster_Enable
                0x00004270       0x18 ./SDK/middleware/lin/linMaster.o
                0x00004270                LinMaster_Enable
 .text.LinMaster_Init
                0x00004288       0x78 ./SDK/middleware/lin/linMaster.o
                0x00004288                LinMaster_Init
 .text.DevAssert
                0x00004300       0x22 ./SDK/middleware/lin/lowlevel/lin.o
 *fill*         0x00004322        0x2 
 .text.lin_calc_max_header_timeout_cnt
                0x00004324       0x30 ./SDK/middleware/lin/lowlevel/lin.o
 .text.lin_calc_max_res_timeout_cnt
                0x00004354       0x48 ./SDK/middleware/lin/lowlevel/lin.o
 .text.lin_process_parity
                0x0000439c       0x26 ./SDK/middleware/lin/lowlevel/lin.o
                0x0000439c                lin_process_parity
 *fill*         0x000043c2        0x2 
 .text.lin_lld_init
                0x000043c4      0x17c ./SDK/middleware/lin/lowlevel/lin.o
                0x000043c4                lin_lld_init
 .text.lin_lld_tx_header
                0x00004540       0x8c ./SDK/middleware/lin/lowlevel/lin.o
                0x00004540                lin_lld_tx_header
 .text.lin_lld_ignore_response
                0x000045cc       0x4c ./SDK/middleware/lin/lowlevel/lin.o
                0x000045cc                lin_lld_ignore_response
 .text.lin_lld_set_low_power_mode
                0x00004618       0x4c ./SDK/middleware/lin/lowlevel/lin.o
                0x00004618                lin_lld_set_low_power_mode
 .text.lin_lld_set_response
                0x00004664       0xa0 ./SDK/middleware/lin/lowlevel/lin.o
                0x00004664                lin_lld_set_response
 .text.lin_lld_rx_response
                0x00004704       0x90 ./SDK/middleware/lin/lowlevel/lin.o
                0x00004704                lin_lld_rx_response
 .text.lin_lld_timeout_service
                0x00004794      0x1c4 ./SDK/middleware/lin/lowlevel/lin.o
                0x00004794                lin_lld_timeout_service
 .text.CallbackHandler
                0x00004958      0x224 ./SDK/middleware/lin/lowlevel/lin.o
 .text.SystemInit
                0x00004b7c       0x58 ./SDK/platform/devices/S32K144/startup/system_S32K144.o
                0x00004b7c                SystemInit
 .text.init_data_bss
                0x00004bd4      0x12c ./SDK/platform/devices/startup.o
                0x00004bd4                init_data_bss
 .text.DevAssert
                0x00004d00       0x22 ./SDK/platform/drivers/src/adc/adc_driver.o
 .text.ADC_GetClockDivide
                0x00004d22       0x28 ./SDK/platform/drivers/src/adc/adc_driver.o
 .text.ADC_SetClockDivide
                0x00004d4a       0x3a ./SDK/platform/drivers/src/adc/adc_driver.o
 .text.ADC_GetSampleTime
                0x00004d84       0x24 ./SDK/platform/drivers/src/adc/adc_driver.o
 .text.ADC_SetSampleTime
                0x00004da8       0x42 ./SDK/platform/drivers/src/adc/adc_driver.o
 .text.ADC_SetResolution
                0x00004dea       0x3a ./SDK/platform/drivers/src/adc/adc_driver.o
 .text.ADC_SetInputClock
                0x00004e24       0x38 ./SDK/platform/drivers/src/adc/adc_driver.o
 .text.ADC_GetTriggerMode
                0x00004e5c       0x2a ./SDK/platform/drivers/src/adc/adc_driver.o
 .text.ADC_SetTriggerMode
                0x00004e86       0x3e ./SDK/platform/drivers/src/adc/adc_driver.o
 .text.ADC_GetPretriggerSelect
                0x00004ec4       0xa4 ./SDK/platform/drivers/src/adc/adc_driver.o
 .text.ADC_SetPretriggerSelect
                0x00004f68       0x88 ./SDK/platform/drivers/src/adc/adc_driver.o
 .text.ADC_SetTriggerSelect
                0x00004ff0       0x84 ./SDK/platform/drivers/src/adc/adc_driver.o
 .text.ADC_SetDMAEnableFlag
                0x00005074       0x42 ./SDK/platform/drivers/src/adc/adc_driver.o
 .text.ADC_SetVoltageReference
                0x000050b6       0x3c ./SDK/platform/drivers/src/adc/adc_driver.o
 .text.ADC_SetContinuousConvFlag
                0x000050f2       0x42 ./SDK/platform/drivers/src/adc/adc_driver.o
 .text.ADC_SetSupplyMonitoringEnableFlag
                0x00005134       0x38 ./SDK/platform/drivers/src/adc/adc_driver.o
 .text.ADC_GetHwAverageEnableFlag
                0x0000516c       0x32 ./SDK/platform/drivers/src/adc/adc_driver.o
 .text.ADC_SetHwAverageEnableFlag
                0x0000519e       0x42 ./SDK/platform/drivers/src/adc/adc_driver.o
 .text.ADC_GetHwAverageMode
                0x000051e0       0x28 ./SDK/platform/drivers/src/adc/adc_driver.o
 .text.ADC_SetHwAverageMode
                0x00005208       0x3c ./SDK/platform/drivers/src/adc/adc_driver.o
 .text.ADC_GetCalibrationActiveFlag
                0x00005244       0x32 ./SDK/platform/drivers/src/adc/adc_driver.o
 .text.ADC_SetCalibrationActiveFlag
                0x00005276       0x42 ./SDK/platform/drivers/src/adc/adc_driver.o
 .text.ADC_SetInputChannel
                0x000052b8       0xc8 ./SDK/platform/drivers/src/adc/adc_driver.o
 .text.ADC_DRV_InitConverterStruct
                0x00005380       0x64 ./SDK/platform/drivers/src/adc/adc_driver.o
                0x00005380                ADC_DRV_InitConverterStruct
 .text.ADC_DRV_ConfigConverter
                0x000053e4      0x180 ./SDK/platform/drivers/src/adc/adc_driver.o
                0x000053e4                ADC_DRV_ConfigConverter
 .text.ADC_DRV_Reset
                0x00005564       0xd4 ./SDK/platform/drivers/src/adc/adc_driver.o
                0x00005564                ADC_DRV_Reset
 .text.ADC_DRV_ConfigChan
                0x00005638       0x98 ./SDK/platform/drivers/src/adc/adc_driver.o
                0x00005638                ADC_DRV_ConfigChan
 .text.ADC_DRV_SetSwPretrigger
                0x000056d0       0xbc ./SDK/platform/drivers/src/adc/adc_driver.o
                0x000056d0                ADC_DRV_SetSwPretrigger
 .text.ADC_DRV_GetChanResult
                0x0000578c       0x78 ./SDK/platform/drivers/src/adc/adc_driver.o
                0x0000578c                ADC_DRV_GetChanResult
 .text.ADC_DRV_AutoCalibration
                0x00005804      0x1b0 ./SDK/platform/drivers/src/adc/adc_driver.o
                0x00005804                ADC_DRV_AutoCalibration
 .text.ADC_DRV_GetInterruptNumber
                0x000059b4       0x34 ./SDK/platform/drivers/src/adc/adc_driver.o
                0x000059b4                ADC_DRV_GetInterruptNumber
 .text.DevAssert
                0x000059e8       0x22 ./SDK/platform/drivers/src/clock/S32K1xx/clock_S32K1xx.o
 .text.SIM_GetRtcClkSrc
                0x00005a0a       0x1e ./SDK/platform/drivers/src/clock/S32K1xx/clock_S32K1xx.o
 .text.SIM_SetLpoClocks
                0x00005a28       0x72 ./SDK/platform/drivers/src/clock/S32K1xx/clock_S32K1xx.o
 .text.SIM_SetEimClockGate
                0x00005a9a       0x3e ./SDK/platform/drivers/src/clock/S32K1xx/clock_S32K1xx.o
 .text.SIM_GetEimClockGate
                0x00005ad8       0x30 ./SDK/platform/drivers/src/clock/S32K1xx/clock_S32K1xx.o
 .text.SIM_SetErmClockGate
                0x00005b08       0x3e ./SDK/platform/drivers/src/clock/S32K1xx/clock_S32K1xx.o
 .text.SIM_GetErmClockGate
                0x00005b46       0x30 ./SDK/platform/drivers/src/clock/S32K1xx/clock_S32K1xx.o
 .text.SIM_SetDmaClockGate
                0x00005b76       0x3e ./SDK/platform/drivers/src/clock/S32K1xx/clock_S32K1xx.o
 .text.SIM_GetDmaClockGate
                0x00005bb4       0x30 ./SDK/platform/drivers/src/clock/S32K1xx/clock_S32K1xx.o
 .text.SIM_SetMpuClockGate
                0x00005be4       0x3e ./SDK/platform/drivers/src/clock/S32K1xx/clock_S32K1xx.o
 .text.SIM_GetMpuClockGate
                0x00005c22       0x30 ./SDK/platform/drivers/src/clock/S32K1xx/clock_S32K1xx.o
 .text.SIM_SetMscmClockGate
                0x00005c52       0x3e ./SDK/platform/drivers/src/clock/S32K1xx/clock_S32K1xx.o
 .text.SIM_GetMscmClockGate
                0x00005c90       0x2e ./SDK/platform/drivers/src/clock/S32K1xx/clock_S32K1xx.o
 .text.SIM_GetFtm0ExternalClkPinMode
                0x00005cbe       0x1e ./SDK/platform/drivers/src/clock/S32K1xx/clock_S32K1xx.o
 .text.SIM_GetFtm1ExternalClkPinMode
                0x00005cdc       0x1e ./SDK/platform/drivers/src/clock/S32K1xx/clock_S32K1xx.o
 .text.SIM_GetFtm2ExternalClkPinMode
                0x00005cfa       0x1e ./SDK/platform/drivers/src/clock/S32K1xx/clock_S32K1xx.o
 .text.SIM_GetFtm3ExternalClkPinMode
                0x00005d18       0x1e ./SDK/platform/drivers/src/clock/S32K1xx/clock_S32K1xx.o
 .text.SIM_GetLpo32KStatus
                0x00005d36       0x26 ./SDK/platform/drivers/src/clock/S32K1xx/clock_S32K1xx.o
 .text.SIM_GetLpo1KStatus
                0x00005d5c       0x26 ./SDK/platform/drivers/src/clock/S32K1xx/clock_S32K1xx.o
 .text.SIM_GetLpoClkSelectorValue
                0x00005d82       0x1e ./SDK/platform/drivers/src/clock/S32K1xx/clock_S32K1xx.o
 .text.SIM_GetClockoutStatus
                0x00005da0       0x26 ./SDK/platform/drivers/src/clock/S32K1xx/clock_S32K1xx.o
 .text.SIM_GetClockoutDividerValue
                0x00005dc6       0x1e ./SDK/platform/drivers/src/clock/S32K1xx/clock_S32K1xx.o
 .text.SIM_GetClockoutSelectorValue
                0x00005de4       0x1e ./SDK/platform/drivers/src/clock/S32K1xx/clock_S32K1xx.o
 *fill*         0x00005e02        0x2 
 .text.SIM_SetExtPinSourceFtm
                0x00005e04       0xa0 ./SDK/platform/drivers/src/clock/S32K1xx/clock_S32K1xx.o
 .text.SIM_SetClockout
                0x00005ea4       0x6a ./SDK/platform/drivers/src/clock/S32K1xx/clock_S32K1xx.o
 .text.SIM_SetTraceClockSource
                0x00005f0e       0x38 ./SDK/platform/drivers/src/clock/S32K1xx/clock_S32K1xx.o
 .text.SIM_ClearTraceClockConfig
                0x00005f46       0x1e ./SDK/platform/drivers/src/clock/S32K1xx/clock_S32K1xx.o
 .text.SIM_SetTraceClockConfig
                0x00005f64       0x40 ./SDK/platform/drivers/src/clock/S32K1xx/clock_S32K1xx.o
 .text.SCG_GetClockoutSourceSel
                0x00005fa4       0x1e ./SDK/platform/drivers/src/clock/S32K1xx/clock_S32K1xx.o
 .text.SCG_GetCurrentSystemClockSource
                0x00005fc2       0x1e ./SDK/platform/drivers/src/clock/S32K1xx/clock_S32K1xx.o
 .text.SCG_GetCurrentCoreClockDividerRatio
                0x00005fe0       0x1e ./SDK/platform/drivers/src/clock/S32K1xx/clock_S32K1xx.o
 .text.SCG_GetCurrentBusClockDividerRatio
                0x00005ffe       0x1e ./SDK/platform/drivers/src/clock/S32K1xx/clock_S32K1xx.o
 .text.SCG_GetCurrentSlowClockDividerRatio
                0x0000601c       0x1c ./SDK/platform/drivers/src/clock/S32K1xx/clock_S32K1xx.o
 .text.SCG_SetRunClockControl
                0x00006038       0x44 ./SDK/platform/drivers/src/clock/S32K1xx/clock_S32K1xx.o
 .text.SCG_SetVlprClockControl
                0x0000607c       0x44 ./SDK/platform/drivers/src/clock/S32K1xx/clock_S32K1xx.o
 .text.SCG_SetHsrunClockControl
                0x000060c0       0x44 ./SDK/platform/drivers/src/clock/S32K1xx/clock_S32K1xx.o
 .text.SCG_GetFircFirstAsyncDivider
                0x00006104       0x1e ./SDK/platform/drivers/src/clock/S32K1xx/clock_S32K1xx.o
 .text.SCG_GetFircSecondAsyncDivider
                0x00006122       0x20 ./SDK/platform/drivers/src/clock/S32K1xx/clock_S32K1xx.o
 .text.SCG_SetFircAsyncConfig
                0x00006142       0x32 ./SDK/platform/drivers/src/clock/S32K1xx/clock_S32K1xx.o
 .text.SCG_GetSircFirstAsyncDivider
                0x00006174       0x1e ./SDK/platform/drivers/src/clock/S32K1xx/clock_S32K1xx.o
 .text.SCG_GetSircSecondAsyncDivider
                0x00006192       0x20 ./SDK/platform/drivers/src/clock/S32K1xx/clock_S32K1xx.o
 .text.SCG_SetSircAsyncConfig
                0x000061b2       0x32 ./SDK/platform/drivers/src/clock/S32K1xx/clock_S32K1xx.o
 .text.SCG_GetSoscFirstAsyncDivider
                0x000061e4       0x1e ./SDK/platform/drivers/src/clock/S32K1xx/clock_S32K1xx.o
 .text.SCG_GetSoscSecondAsyncDivider
                0x00006202       0x20 ./SDK/platform/drivers/src/clock/S32K1xx/clock_S32K1xx.o
 .text.SCG_SetSoscAsyncConfig
                0x00006222       0x32 ./SDK/platform/drivers/src/clock/S32K1xx/clock_S32K1xx.o
 .text.SCG_GetSpllFirstAsyncDivider
                0x00006254       0x1e ./SDK/platform/drivers/src/clock/S32K1xx/clock_S32K1xx.o
 .text.SCG_GetSpllSecondAsyncDivider
                0x00006272       0x20 ./SDK/platform/drivers/src/clock/S32K1xx/clock_S32K1xx.o
 .text.SCG_SetSpllAsyncConfig
                0x00006292       0x32 ./SDK/platform/drivers/src/clock/S32K1xx/clock_S32K1xx.o
 .text.SCG_SetClockoutSourceSel
                0x000062c4       0x38 ./SDK/platform/drivers/src/clock/S32K1xx/clock_S32K1xx.o
 .text.SCG_GetSircSystemClockMode
                0x000062fc       0x32 ./SDK/platform/drivers/src/clock/S32K1xx/clock_S32K1xx.o
 .text.SCG_GetSircStatus
                0x0000632e       0x28 ./SDK/platform/drivers/src/clock/S32K1xx/clock_S32K1xx.o
 .text.SCG_GetSircRange
                0x00006356       0x1e ./SDK/platform/drivers/src/clock/S32K1xx/clock_S32K1xx.o
 .text.SCG_ClearSircLock
                0x00006374       0x24 ./SDK/platform/drivers/src/clock/S32K1xx/clock_S32K1xx.o
 .text.SCG_ClearSircControl
                0x00006398       0x1c ./SDK/platform/drivers/src/clock/S32K1xx/clock_S32K1xx.o
 .text.SCG_SetSircConfiguration
                0x000063b4       0x24 ./SDK/platform/drivers/src/clock/S32K1xx/clock_S32K1xx.o
 .text.SCG_SetSircControl
                0x000063d8       0x5a ./SDK/platform/drivers/src/clock/S32K1xx/clock_S32K1xx.o
 .text.SCG_GetFircSystemClockMode
                0x00006432       0x32 ./SDK/platform/drivers/src/clock/S32K1xx/clock_S32K1xx.o
 .text.SCG_GetFircStatus
                0x00006464       0x28 ./SDK/platform/drivers/src/clock/S32K1xx/clock_S32K1xx.o
 .text.SCG_GetFircRange
                0x0000648c       0x1e ./SDK/platform/drivers/src/clock/S32K1xx/clock_S32K1xx.o
 .text.SCG_ClearFircLock
                0x000064aa       0x24 ./SDK/platform/drivers/src/clock/S32K1xx/clock_S32K1xx.o
 .text.SCG_ClearFircControl
                0x000064ce       0x1e ./SDK/platform/drivers/src/clock/S32K1xx/clock_S32K1xx.o
 .text.SCG_SetFircConfiguration
                0x000064ec       0x24 ./SDK/platform/drivers/src/clock/S32K1xx/clock_S32K1xx.o
 .text.SCG_SetFircControl
                0x00006510       0x42 ./SDK/platform/drivers/src/clock/S32K1xx/clock_S32K1xx.o
 .text.SCG_GetSoscSystemClockMode
                0x00006552       0x32 ./SDK/platform/drivers/src/clock/S32K1xx/clock_S32K1xx.o
 .text.SCG_GetSoscStatus
                0x00006584       0x28 ./SDK/platform/drivers/src/clock/S32K1xx/clock_S32K1xx.o
 .text.SCG_ClearSoscLock
                0x000065ac       0x24 ./SDK/platform/drivers/src/clock/S32K1xx/clock_S32K1xx.o
 .text.SCG_ClearSoscControl
                0x000065d0       0x1e ./SDK/platform/drivers/src/clock/S32K1xx/clock_S32K1xx.o
 .text.SCG_SetSoscConfiguration
                0x000065ee       0x3c ./SDK/platform/drivers/src/clock/S32K1xx/clock_S32K1xx.o
 .text.SCG_SetSoscControl
                0x0000662a       0x5e ./SDK/platform/drivers/src/clock/S32K1xx/clock_S32K1xx.o
 .text.SCG_GetSpllSystemClockMode
                0x00006688       0x32 ./SDK/platform/drivers/src/clock/S32K1xx/clock_S32K1xx.o
 .text.SCG_GetSpllStatus
                0x000066ba       0x28 ./SDK/platform/drivers/src/clock/S32K1xx/clock_S32K1xx.o
 .text.SCG_GetSpllPredivider
                0x000066e2       0x20 ./SDK/platform/drivers/src/clock/S32K1xx/clock_S32K1xx.o
 .text.SCG_GetSpllMultiplier
                0x00006702       0x20 ./SDK/platform/drivers/src/clock/S32K1xx/clock_S32K1xx.o
 .text.SCG_ClearSpllLock
                0x00006722       0x24 ./SDK/platform/drivers/src/clock/S32K1xx/clock_S32K1xx.o
 .text.SCG_ClearSpllControl
                0x00006746       0x1e ./SDK/platform/drivers/src/clock/S32K1xx/clock_S32K1xx.o
 .text.SCG_SetSpllConfiguration
                0x00006764       0x34 ./SDK/platform/drivers/src/clock/S32K1xx/clock_S32K1xx.o
 .text.SCG_SetSpllControl
                0x00006798       0x5e ./SDK/platform/drivers/src/clock/S32K1xx/clock_S32K1xx.o
 *fill*         0x000067f6        0x2 
 .text.PCC_SetPeripheralClockControl
                0x000067f8       0x60 ./SDK/platform/drivers/src/clock/S32K1xx/clock_S32K1xx.o
 .text.PCC_SetClockMode
                0x00006858       0x70 ./SDK/platform/drivers/src/clock/S32K1xx/clock_S32K1xx.o
 .text.PCC_GetClockMode
                0x000068c8       0x44 ./SDK/platform/drivers/src/clock/S32K1xx/clock_S32K1xx.o
 .text.PCC_GetClockSourceSel
                0x0000690c       0x34 ./SDK/platform/drivers/src/clock/S32K1xx/clock_S32K1xx.o
 .text.PCC_GetFracValueSel
                0x00006940       0x34 ./SDK/platform/drivers/src/clock/S32K1xx/clock_S32K1xx.o
 .text.PCC_GetDividerSel
                0x00006974       0x30 ./SDK/platform/drivers/src/clock/S32K1xx/clock_S32K1xx.o
 .text.PMC_SetLpoMode
                0x000069a4       0x3e ./SDK/platform/drivers/src/clock/S32K1xx/clock_S32K1xx.o
 .text.PMC_GetLpoMode
                0x000069e2       0x2c ./SDK/platform/drivers/src/clock/S32K1xx/clock_S32K1xx.o
 .text.PMC_SetLpoTrimValue
                0x00006a0e       0x6c ./SDK/platform/drivers/src/clock/S32K1xx/clock_S32K1xx.o
 .text.SMC_GetCurrentRunningMode
                0x00006a7a       0x1a ./SDK/platform/drivers/src/clock/S32K1xx/clock_S32K1xx.o
 .text.CLOCK_DRV_Init
                0x00006a94       0x84 ./SDK/platform/drivers/src/clock/S32K1xx/clock_S32K1xx.o
                0x00006a94                CLOCK_DRV_Init
 .text.CLOCK_SYS_SetScgConfiguration
                0x00006b18       0xcc ./SDK/platform/drivers/src/clock/S32K1xx/clock_S32K1xx.o
 .text.CLOCK_SYS_SetPccConfiguration
                0x00006be4       0xc8 ./SDK/platform/drivers/src/clock/S32K1xx/clock_S32K1xx.o
 .text.CLOCK_SYS_SetSimConfiguration
                0x00006cac      0x160 ./SDK/platform/drivers/src/clock/S32K1xx/clock_S32K1xx.o
 .text.CLOCK_SYS_SetPmcConfiguration
                0x00006e0c       0x48 ./SDK/platform/drivers/src/clock/S32K1xx/clock_S32K1xx.o
 .text.CLOCK_SYS_GetDefaultConfiguration
                0x00006e54      0x274 ./SDK/platform/drivers/src/clock/S32K1xx/clock_S32K1xx.o
 .text.CLOCK_SYS_GetScgClockFreq
                0x000070c8      0x144 ./SDK/platform/drivers/src/clock/S32K1xx/clock_S32K1xx.o
 .text.CLOCK_SYS_GetSimClockFreq
                0x0000720c      0x10c ./SDK/platform/drivers/src/clock/S32K1xx/clock_S32K1xx.o
 .text.CLOCK_SYS_GetOtherSimClockFreq
                0x00007318      0x104 ./SDK/platform/drivers/src/clock/S32K1xx/clock_S32K1xx.o
 .text.CLOCK_SYS_CheckPCCClock
                0x0000741c       0x68 ./SDK/platform/drivers/src/clock/S32K1xx/clock_S32K1xx.o
 .text.CLOCK_SYS_GetPccClockFreq
                0x00007484      0x11c ./SDK/platform/drivers/src/clock/S32K1xx/clock_S32K1xx.o
 .text.CLOCK_DRV_GetFreq
                0x000075a0       0x5c ./SDK/platform/drivers/src/clock/S32K1xx/clock_S32K1xx.o
                0x000075a0                CLOCK_DRV_GetFreq
 .text.CLOCK_SYS_GetFtmOptionFreq
                0x000075fc       0x74 ./SDK/platform/drivers/src/clock/S32K1xx/clock_S32K1xx.o
 .text.SIM_CheckPeripheralClockGate
                0x00007670       0xd8 ./SDK/platform/drivers/src/clock/S32K1xx/clock_S32K1xx.o
 .text.CLOCK_SYS_GetPeripheralClock
                0x00007748       0xf0 ./SDK/platform/drivers/src/clock/S32K1xx/clock_S32K1xx.o
 .text.CLOCK_SYS_GetCurrentRunMode
                0x00007838       0x44 ./SDK/platform/drivers/src/clock/S32K1xx/clock_S32K1xx.o
 .text.CLOCK_SYS_TransitionSystemClock
                0x0000787c       0x98 ./SDK/platform/drivers/src/clock/S32K1xx/clock_S32K1xx.o
 .text.CLOCK_SYS_GetSimClkOutFreq
                0x00007914       0xf0 ./SDK/platform/drivers/src/clock/S32K1xx/clock_S32K1xx.o
 .text.CLOCK_SYS_GetScgClkOutFreq
                0x00007a04       0x74 ./SDK/platform/drivers/src/clock/S32K1xx/clock_S32K1xx.o
 .text.CLOCK_SYS_GetSimRtcClkFreq
                0x00007a78       0x78 ./SDK/platform/drivers/src/clock/S32K1xx/clock_S32K1xx.o
 .text.CLOCK_SYS_ConfigureSIRC
                0x00007af0       0xc8 ./SDK/platform/drivers/src/clock/S32K1xx/clock_S32K1xx.o
 .text.CLOCK_SYS_ConfigureFIRC
                0x00007bb8       0xc4 ./SDK/platform/drivers/src/clock/S32K1xx/clock_S32K1xx.o
 .text.CLOCK_SYS_ConfigureSOSC
                0x00007c7c      0x12c ./SDK/platform/drivers/src/clock/S32K1xx/clock_S32K1xx.o
 .text.CLOCK_SYS_ConfigureSPLL
                0x00007da8      0x158 ./SDK/platform/drivers/src/clock/S32K1xx/clock_S32K1xx.o
 .text.CLOCK_SYS_ConfigureTemporarySystemClock
                0x00007f00       0x68 ./SDK/platform/drivers/src/clock/S32K1xx/clock_S32K1xx.o
 .text.CLOCK_SYS_ConfigureModulesFromScg
                0x00007f68      0x1cc ./SDK/platform/drivers/src/clock/S32K1xx/clock_S32K1xx.o
 .text.CLOCK_SYS_GetSystemClockFreq
                0x00008134       0xd0 ./SDK/platform/drivers/src/clock/S32K1xx/clock_S32K1xx.o
 .text.CLOCK_SYS_GetSrcFreq
                0x00008204       0x64 ./SDK/platform/drivers/src/clock/S32K1xx/clock_S32K1xx.o
 .text.CLOCK_SYS_SetSystemClockConfig
                0x00008268      0x284 ./SDK/platform/drivers/src/clock/S32K1xx/clock_S32K1xx.o
 .text.CLOCK_SYS_GetSysAsyncFreq
                0x000084ec      0x12c ./SDK/platform/drivers/src/clock/S32K1xx/clock_S32K1xx.o
 .text.CLOCK_SYS_GetSysOscFreq
                0x00008618       0x30 ./SDK/platform/drivers/src/clock/S32K1xx/clock_S32K1xx.o
 .text.CLOCK_SYS_GetSircFreq
                0x00008648       0x38 ./SDK/platform/drivers/src/clock/S32K1xx/clock_S32K1xx.o
 .text.CLOCK_SYS_GetFircFreq
                0x00008680       0x3c ./SDK/platform/drivers/src/clock/S32K1xx/clock_S32K1xx.o
 .text.CLOCK_SYS_GetSysPllFreq
                0x000086bc       0x64 ./SDK/platform/drivers/src/clock/S32K1xx/clock_S32K1xx.o
 .text.CLOCK_SYS_GetLpoFreq
                0x00008720       0x8c ./SDK/platform/drivers/src/clock/S32K1xx/clock_S32K1xx.o
 .text.CLOCK_SYS_GetFreq
                0x000087ac       0x20 ./SDK/platform/drivers/src/clock/S32K1xx/clock_S32K1xx.o
                0x000087ac                CLOCK_SYS_GetFreq
 .text.DevAssert
                0x000087cc       0x22 ./SDK/platform/drivers/src/edma/edma_driver.o
 .text.EDMA_SetMinorLoopMappingCmd
                0x000087ee       0x3e ./SDK/platform/drivers/src/edma/edma_driver.o
 .text.EDMA_ClearErrorIntStatusFlag
                0x0000882c       0x2c ./SDK/platform/drivers/src/edma/edma_driver.o
 .text.EDMA_ClearDoneStatusFlag
                0x00008858       0x2c ./SDK/platform/drivers/src/edma/edma_driver.o
 .text.EDMA_ClearIntStatusFlag
                0x00008884       0x2c ./SDK/platform/drivers/src/edma/edma_driver.o
 .text.EDMA_TCDSetSrcAddr
                0x000088b0       0x36 ./SDK/platform/drivers/src/edma/edma_driver.o
 .text.EDMA_TCDSetSrcOffset
                0x000088e6       0x3c ./SDK/platform/drivers/src/edma/edma_driver.o
 .text.EDMA_TCDSetDestAddr
                0x00008922       0x3a ./SDK/platform/drivers/src/edma/edma_driver.o
 .text.EDMA_TCDSetDestOffset
                0x0000895c       0x3e ./SDK/platform/drivers/src/edma/edma_driver.o
 .text.EDMA_TCDSetDisableDmaRequestAfterTCDDoneCmd
                0x0000899a       0x6c ./SDK/platform/drivers/src/edma/edma_driver.o
 .text.EDMA_TCDSetMajorCompleteIntCmd
                0x00008a06       0x6c ./SDK/platform/drivers/src/edma/edma_driver.o
 *fill*         0x00008a72        0x2 
 .text.EDMA_DRV_InstallCallback
                0x00008a74       0x78 ./SDK/platform/drivers/src/edma/edma_driver.o
                0x00008a74                EDMA_DRV_InstallCallback
 .text.EDMA_DRV_ClearIntStatus
                0x00008aec       0x3c ./SDK/platform/drivers/src/edma/edma_driver.o
 .text.EDMA_DRV_IRQHandler
                0x00008b28       0x4c ./SDK/platform/drivers/src/edma/edma_driver.o
                0x00008b28                EDMA_DRV_IRQHandler
 .text.EDMA_DRV_ErrorIRQHandler
                0x00008b74       0x7c ./SDK/platform/drivers/src/edma/edma_driver.o
                0x00008b74                EDMA_DRV_ErrorIRQHandler
 .text.EDMA_DRV_ConfigSingleBlockTransfer
                0x00008bf0      0x200 ./SDK/platform/drivers/src/edma/edma_driver.o
                0x00008bf0                EDMA_DRV_ConfigSingleBlockTransfer
 .text.EDMA_DRV_StartChannel
                0x00008df0       0x7c ./SDK/platform/drivers/src/edma/edma_driver.o
                0x00008df0                EDMA_DRV_StartChannel
 .text.EDMA_DRV_StopChannel
                0x00008e6c       0x7c ./SDK/platform/drivers/src/edma/edma_driver.o
                0x00008e6c                EDMA_DRV_StopChannel
 .text.EDMA_DRV_DisableRequestsOnTransferComplete
                0x00008ee8       0x80 ./SDK/platform/drivers/src/edma/edma_driver.o
                0x00008ee8                EDMA_DRV_DisableRequestsOnTransferComplete
 .text.EDMA_DRV_ValidTransferSize
                0x00008f68       0x4c ./SDK/platform/drivers/src/edma/edma_driver.o
 .text.EDMA_DRV_GetDmaRegBaseAddr
                0x00008fb4       0x28 ./SDK/platform/drivers/src/edma/edma_driver.o
                0x00008fb4                EDMA_DRV_GetDmaRegBaseAddr
 .text.DevAssert
                0x00008fdc       0x22 ./SDK/platform/drivers/src/edma/edma_hw_access.o
 .text.EDMA_SetDmaRequestCmd
                0x00008ffe       0x30 ./SDK/platform/drivers/src/edma/edma_hw_access.o
                0x00008ffe                EDMA_SetDmaRequestCmd
 .text.EDMA_TCDClearReg
                0x0000902e       0xd6 ./SDK/platform/drivers/src/edma/edma_hw_access.o
                0x0000902e                EDMA_TCDClearReg
 .text.EDMA_TCDSetAttribute
                0x00009104       0x7e ./SDK/platform/drivers/src/edma/edma_hw_access.o
                0x00009104                EDMA_TCDSetAttribute
 .text.EDMA_TCDSetNbytes
                0x00009182       0xda ./SDK/platform/drivers/src/edma/edma_hw_access.o
                0x00009182                EDMA_TCDSetNbytes
 .text.EDMA_TCDSetMajorCount
                0x0000925c      0x15a ./SDK/platform/drivers/src/edma/edma_hw_access.o
                0x0000925c                EDMA_TCDSetMajorCount
 .text.EDMA_GetErrorIntStatusFlag
                0x000093b6       0x18 ./SDK/platform/drivers/src/edma/edma_irq.o
 .text.DMA0_IRQHandler
                0x000093ce        0xe ./SDK/platform/drivers/src/edma/edma_irq.o
                0x000093ce                DMA0_IRQHandler
 .text.DMA1_IRQHandler
                0x000093dc        0xe ./SDK/platform/drivers/src/edma/edma_irq.o
                0x000093dc                DMA1_IRQHandler
 .text.DMA2_IRQHandler
                0x000093ea        0xe ./SDK/platform/drivers/src/edma/edma_irq.o
                0x000093ea                DMA2_IRQHandler
 .text.DMA3_IRQHandler
                0x000093f8        0xe ./SDK/platform/drivers/src/edma/edma_irq.o
                0x000093f8                DMA3_IRQHandler
 .text.DMA4_IRQHandler
                0x00009406        0xe ./SDK/platform/drivers/src/edma/edma_irq.o
                0x00009406                DMA4_IRQHandler
 .text.DMA5_IRQHandler
                0x00009414        0xe ./SDK/platform/drivers/src/edma/edma_irq.o
                0x00009414                DMA5_IRQHandler
 .text.DMA6_IRQHandler
                0x00009422        0xe ./SDK/platform/drivers/src/edma/edma_irq.o
                0x00009422                DMA6_IRQHandler
 .text.DMA7_IRQHandler
                0x00009430        0xe ./SDK/platform/drivers/src/edma/edma_irq.o
                0x00009430                DMA7_IRQHandler
 .text.DMA8_IRQHandler
                0x0000943e        0xe ./SDK/platform/drivers/src/edma/edma_irq.o
                0x0000943e                DMA8_IRQHandler
 .text.DMA9_IRQHandler
                0x0000944c        0xe ./SDK/platform/drivers/src/edma/edma_irq.o
                0x0000944c                DMA9_IRQHandler
 .text.DMA10_IRQHandler
                0x0000945a        0xe ./SDK/platform/drivers/src/edma/edma_irq.o
                0x0000945a                DMA10_IRQHandler
 .text.DMA11_IRQHandler
                0x00009468        0xe ./SDK/platform/drivers/src/edma/edma_irq.o
                0x00009468                DMA11_IRQHandler
 .text.DMA12_IRQHandler
                0x00009476        0xe ./SDK/platform/drivers/src/edma/edma_irq.o
                0x00009476                DMA12_IRQHandler
 .text.DMA13_IRQHandler
                0x00009484        0xe ./SDK/platform/drivers/src/edma/edma_irq.o
                0x00009484                DMA13_IRQHandler
 .text.DMA14_IRQHandler
                0x00009492        0xe ./SDK/platform/drivers/src/edma/edma_irq.o
                0x00009492                DMA14_IRQHandler
 .text.DMA15_IRQHandler
                0x000094a0        0xe ./SDK/platform/drivers/src/edma/edma_irq.o
                0x000094a0                DMA15_IRQHandler
 .text.DMA_Error_IRQHandler
                0x000094ae       0x4c ./SDK/platform/drivers/src/edma/edma_irq.o
                0x000094ae                DMA_Error_IRQHandler
 .text.DevAssert
                0x000094fa       0x22 ./SDK/platform/drivers/src/flexcan/flexcan_driver.o
 .text.RxFifoOcuppiedLastMsgBuff
                0x0000951c       0x1e ./SDK/platform/drivers/src/flexcan/flexcan_driver.o
 .text.FLEXCAN_IsEnabled
                0x0000953a       0x1e ./SDK/platform/drivers/src/flexcan/flexcan_driver.o
 .text.FLEXCAN_SelectClock
                0x00009558       0x2e ./SDK/platform/drivers/src/flexcan/flexcan_driver.o
 .text.FLEXCAN_SetTimeSegments
                0x00009586       0x70 ./SDK/platform/drivers/src/flexcan/flexcan_driver.o
 *fill*         0x000095f6        0x2 
 .text.FLEXCAN_SetExtendedTimeSegments
                0x000095f8       0x74 ./SDK/platform/drivers/src/flexcan/flexcan_driver.o
 .text.FLEXCAN_SetFDTimeSegments
                0x0000966c       0x80 ./SDK/platform/drivers/src/flexcan/flexcan_driver.o
 .text.FLEXCAN_GetFreezeMode
                0x000096ec       0x28 ./SDK/platform/drivers/src/flexcan/flexcan_driver.o
 .text.FLEXCAN_SetFDEnabled
                0x00009714       0x60 ./SDK/platform/drivers/src/flexcan/flexcan_driver.o
 .text.FLEXCAN_IsFDEnabled
                0x00009774       0x26 ./SDK/platform/drivers/src/flexcan/flexcan_driver.o
 .text.FLEXCAN_UnlockRxMsgBuff
                0x0000979a       0x18 ./SDK/platform/drivers/src/flexcan/flexcan_driver.o
 .text.FLEXCAN_IsRxFifoEnabled
                0x000097b2       0x26 ./SDK/platform/drivers/src/flexcan/flexcan_driver.o
 .text.FLEXCAN_GetMsgBuffIntStatusFlag
                0x000097d8       0x42 ./SDK/platform/drivers/src/flexcan/flexcan_driver.o
 .text.FLEXCAN_ClearFIFO
                0x0000981a       0x1a ./SDK/platform/drivers/src/flexcan/flexcan_driver.o
 .text.FLEXCAN_ClearMsgBuffIntStatusFlag
                0x00009834       0x30 ./SDK/platform/drivers/src/flexcan/flexcan_driver.o
 .text.FLEXCAN_GetBuffStatusFlag
                0x00009864       0x42 ./SDK/platform/drivers/src/flexcan/flexcan_driver.o
 .text.FLEXCAN_SetStuffBitCount
                0x000098a6       0x34 ./SDK/platform/drivers/src/flexcan/flexcan_driver.o
 .text.FLEXCAN_SetSelfReception
                0x000098da       0x34 ./SDK/platform/drivers/src/flexcan/flexcan_driver.o
 *fill*         0x0000990e        0x2 
 .text.FLEXCAN_InstanceHasFD
                0x00009910       0x20 ./SDK/platform/drivers/src/flexcan/flexcan_driver.o
 .text.FLEXCAN_SetRxFifoDMA
                0x00009930       0x34 ./SDK/platform/drivers/src/flexcan/flexcan_driver.o
 .text.FLEXCAN_IsPNEnabled
                0x00009964       0x26 ./SDK/platform/drivers/src/flexcan/flexcan_driver.o
 .text.FLEXCAN_GetWTOF
                0x0000998a       0x24 ./SDK/platform/drivers/src/flexcan/flexcan_driver.o
 .text.FLEXCAN_ClearWTOF
                0x000099ae       0x24 ./SDK/platform/drivers/src/flexcan/flexcan_driver.o
 .text.FLEXCAN_GetWUMF
                0x000099d2       0x24 ./SDK/platform/drivers/src/flexcan/flexcan_driver.o
 .text.FLEXCAN_ClearWUMF
                0x000099f6       0x24 ./SDK/platform/drivers/src/flexcan/flexcan_driver.o
 *fill*         0x00009a1a        0x2 
 .text.FLEXCAN_EnableIRQs
                0x00009a1c       0x98 ./SDK/platform/drivers/src/flexcan/flexcan_driver.o
 .text.FLEXCAN_DRV_Init
                0x00009ab4      0x2dc ./SDK/platform/drivers/src/flexcan/flexcan_driver.o
                0x00009ab4                FLEXCAN_DRV_Init
 .text.FLEXCAN_DRV_ConfigTxMb
                0x00009d90       0xa4 ./SDK/platform/drivers/src/flexcan/flexcan_driver.o
                0x00009d90                FLEXCAN_DRV_ConfigTxMb
 .text.FLEXCAN_DRV_Send
                0x00009e34       0x94 ./SDK/platform/drivers/src/flexcan/flexcan_driver.o
                0x00009e34                FLEXCAN_DRV_Send
 .text.FLEXCAN_DRV_ConfigRxMb
                0x00009ec8       0xe0 ./SDK/platform/drivers/src/flexcan/flexcan_driver.o
                0x00009ec8                FLEXCAN_DRV_ConfigRxMb
 .text.FLEXCAN_DRV_ConfigRxFifo
                0x00009fa8       0x74 ./SDK/platform/drivers/src/flexcan/flexcan_driver.o
                0x00009fa8                FLEXCAN_DRV_ConfigRxFifo
 .text.FLEXCAN_DRV_Receive
                0x0000a01c       0x60 ./SDK/platform/drivers/src/flexcan/flexcan_driver.o
                0x0000a01c                FLEXCAN_DRV_Receive
 .text.FLEXCAN_DRV_RxFifo
                0x0000a07c       0x38 ./SDK/platform/drivers/src/flexcan/flexcan_driver.o
                0x0000a07c                FLEXCAN_DRV_RxFifo
 .text.FLEXCAN_IRQHandlerRxFIFO
                0x0000a0b4       0xdc ./SDK/platform/drivers/src/flexcan/flexcan_driver.o
 .text.FLEXCAN_IRQHandlerRxMB
                0x0000a190       0xfc ./SDK/platform/drivers/src/flexcan/flexcan_driver.o
 .text.FLEXCAN_BusOff_IRQHandler
                0x0000a28c       0x60 ./SDK/platform/drivers/src/flexcan/flexcan_driver.o
                0x0000a28c                FLEXCAN_BusOff_IRQHandler
 .text.FLEXCAN_IRQHandler
                0x0000a2ec      0x1d4 ./SDK/platform/drivers/src/flexcan/flexcan_driver.o
                0x0000a2ec                FLEXCAN_IRQHandler
 .text.FLEXCAN_Error_IRQHandler
                0x0000a4c0       0x60 ./SDK/platform/drivers/src/flexcan/flexcan_driver.o
                0x0000a4c0                FLEXCAN_Error_IRQHandler
 .text.FLEXCAN_WakeUpHandler
                0x0000a520       0xa4 ./SDK/platform/drivers/src/flexcan/flexcan_driver.o
                0x0000a520                FLEXCAN_WakeUpHandler
 .text.FLEXCAN_DRV_GetTransferStatus
                0x0000a5c4       0x7c ./SDK/platform/drivers/src/flexcan/flexcan_driver.o
                0x0000a5c4                FLEXCAN_DRV_GetTransferStatus
 .text.FLEXCAN_StartSendData
                0x0000a640      0x144 ./SDK/platform/drivers/src/flexcan/flexcan_driver.o
 .text.FLEXCAN_StartRxMessageBufferData
                0x0000a784      0x114 ./SDK/platform/drivers/src/flexcan/flexcan_driver.o
 .text.FLEXCAN_StartRxMessageFifoData
                0x0000a898      0x18c ./SDK/platform/drivers/src/flexcan/flexcan_driver.o
 .text.FLEXCAN_CompleteTransfer
                0x0000aa24       0x8c ./SDK/platform/drivers/src/flexcan/flexcan_driver.o
 .text.FLEXCAN_CompleteRxFifoDataDMA
                0x0000aab0       0x58 ./SDK/platform/drivers/src/flexcan/flexcan_driver.o
 .text.FLEXCAN_CompleteRxMessageFifoData
                0x0000ab08      0x13c ./SDK/platform/drivers/src/flexcan/flexcan_driver.o
 .text.FLEXCAN_DRV_InstallEventCallback
                0x0000ac44       0x48 ./SDK/platform/drivers/src/flexcan/flexcan_driver.o
                0x0000ac44                FLEXCAN_DRV_InstallEventCallback
 .text.DevAssert
                0x0000ac8c       0x22 ./SDK/platform/drivers/src/flexcan/flexcan_hw_access.o
 .text.RxFifoOcuppiedLastMsgBuff
                0x0000acae       0x1e ./SDK/platform/drivers/src/flexcan/flexcan_hw_access.o
 .text.FLEXCAN_GetFreezeMode
                0x0000accc       0x28 ./SDK/platform/drivers/src/flexcan/flexcan_hw_access.o
 .text.FLEXCAN_IsFDEnabled
                0x0000acf4       0x26 ./SDK/platform/drivers/src/flexcan/flexcan_hw_access.o
 .text.FLEXCAN_IsRxFifoEnabled
                0x0000ad1a       0x26 ./SDK/platform/drivers/src/flexcan/flexcan_hw_access.o
 .text.FLEXCAN_SetSelfReception
                0x0000ad40       0x34 ./SDK/platform/drivers/src/flexcan/flexcan_hw_access.o
 .text.FLEXCAN_ComputeDLCValue
                0x0000ad74       0x30 ./SDK/platform/drivers/src/flexcan/flexcan_hw_access.o
 .text.FLEXCAN_ComputePayloadSize
                0x0000ada4       0x80 ./SDK/platform/drivers/src/flexcan/flexcan_hw_access.o
 .text.FLEXCAN_GetMaxMbNum
                0x0000ae24       0x4c ./SDK/platform/drivers/src/flexcan/flexcan_hw_access.o
                0x0000ae24                FLEXCAN_GetMaxMbNum
 .text.FLEXCAN_ClearRAM
                0x0000ae70       0x72 ./SDK/platform/drivers/src/flexcan/flexcan_hw_access.o
 .text.FLEXCAN_GetMsgBuffRegion
                0x0000aee2       0x6c ./SDK/platform/drivers/src/flexcan/flexcan_hw_access.o
                0x0000aee2                FLEXCAN_GetMsgBuffRegion
 .text.FLEXCAN_Enable
                0x0000af4e       0x54 ./SDK/platform/drivers/src/flexcan/flexcan_hw_access.o
                0x0000af4e                FLEXCAN_Enable
 .text.FLEXCAN_Disable
                0x0000afa2       0x36 ./SDK/platform/drivers/src/flexcan/flexcan_hw_access.o
                0x0000afa2                FLEXCAN_Disable
 .text.FLEXCAN_Init
                0x0000afd8       0x6c ./SDK/platform/drivers/src/flexcan/flexcan_hw_access.o
                0x0000afd8                FLEXCAN_Init
 .text.FLEXCAN_SetTxMsgBuff
                0x0000b044      0x28c ./SDK/platform/drivers/src/flexcan/flexcan_hw_access.o
                0x0000b044                FLEXCAN_SetTxMsgBuff
 .text.FLEXCAN_SetRxMsgBuff
                0x0000b2d0      0x134 ./SDK/platform/drivers/src/flexcan/flexcan_hw_access.o
                0x0000b2d0                FLEXCAN_SetRxMsgBuff
 .text.FLEXCAN_GetMsgBuff
                0x0000b404      0x134 ./SDK/platform/drivers/src/flexcan/flexcan_hw_access.o
                0x0000b404                FLEXCAN_GetMsgBuff
 .text.FLEXCAN_LockRxMsgBuff
                0x0000b538       0x20 ./SDK/platform/drivers/src/flexcan/flexcan_hw_access.o
                0x0000b538                FLEXCAN_LockRxMsgBuff
 .text.FLEXCAN_EnableRxFifo
                0x0000b558       0x86 ./SDK/platform/drivers/src/flexcan/flexcan_hw_access.o
                0x0000b558                FLEXCAN_EnableRxFifo
 .text.FLEXCAN_SetMaxMsgBuffNum
                0x0000b5de      0x102 ./SDK/platform/drivers/src/flexcan/flexcan_hw_access.o
                0x0000b5de                FLEXCAN_SetMaxMsgBuffNum
 .text.FLEXCAN_SetRxFifoFilter
                0x0000b6e0      0x418 ./SDK/platform/drivers/src/flexcan/flexcan_hw_access.o
                0x0000b6e0                FLEXCAN_SetRxFifoFilter
 .text.FLEXCAN_SetMsgBuffIntCmd
                0x0000baf8       0x56 ./SDK/platform/drivers/src/flexcan/flexcan_hw_access.o
                0x0000baf8                FLEXCAN_SetMsgBuffIntCmd
 .text.FLEXCAN_ExitFreezeMode
                0x0000bb4e       0x3a ./SDK/platform/drivers/src/flexcan/flexcan_hw_access.o
                0x0000bb4e                FLEXCAN_ExitFreezeMode
 .text.FLEXCAN_EnterFreezeMode
                0x0000bb88      0x10a ./SDK/platform/drivers/src/flexcan/flexcan_hw_access.o
                0x0000bb88                FLEXCAN_EnterFreezeMode
 *fill*         0x0000bc92        0x2 
 .text.FLEXCAN_ClearErrIntStatusFlag
                0x0000bc94       0x34 ./SDK/platform/drivers/src/flexcan/flexcan_hw_access.o
                0x0000bc94                FLEXCAN_ClearErrIntStatusFlag
 .text.FLEXCAN_ClearBusOffIntStatusFlag
                0x0000bcc8       0x30 ./SDK/platform/drivers/src/flexcan/flexcan_hw_access.o
                0x0000bcc8                FLEXCAN_ClearBusOffIntStatusFlag
 .text.FLEXCAN_ReadRxFifo
                0x0000bcf8       0xb8 ./SDK/platform/drivers/src/flexcan/flexcan_hw_access.o
                0x0000bcf8                FLEXCAN_ReadRxFifo
 .text.FLEXCAN_SetOperationMode
                0x0000bdb0       0xa4 ./SDK/platform/drivers/src/flexcan/flexcan_hw_access.o
                0x0000bdb0                FLEXCAN_SetOperationMode
 .text.FLEXCAN_IsOutOfRangeMbIdx
                0x0000be54       0x5a ./SDK/platform/drivers/src/flexcan/flexcan_hw_access.o
                0x0000be54                FLEXCAN_IsOutOfRangeMbIdx
 .text.FLEXCAN_SetPayloadSize
                0x0000beae       0x66 ./SDK/platform/drivers/src/flexcan/flexcan_hw_access.o
                0x0000beae                FLEXCAN_SetPayloadSize
 .text.FLEXCAN_GetPayloadSize
                0x0000bf14       0x42 ./SDK/platform/drivers/src/flexcan/flexcan_hw_access.o
                0x0000bf14                FLEXCAN_GetPayloadSize
 .text.CAN0_ORed_IRQHandler
                0x0000bf56        0xe ./SDK/platform/drivers/src/flexcan/flexcan_irq.o
                0x0000bf56                CAN0_ORed_IRQHandler
 .text.CAN0_Error_IRQHandler
                0x0000bf64        0xe ./SDK/platform/drivers/src/flexcan/flexcan_irq.o
                0x0000bf64                CAN0_Error_IRQHandler
 .text.CAN0_Wake_Up_IRQHandler
                0x0000bf72        0xe ./SDK/platform/drivers/src/flexcan/flexcan_irq.o
                0x0000bf72                CAN0_Wake_Up_IRQHandler
 .text.CAN0_ORed_0_15_MB_IRQHandler
                0x0000bf80        0xe ./SDK/platform/drivers/src/flexcan/flexcan_irq.o
                0x0000bf80                CAN0_ORed_0_15_MB_IRQHandler
 .text.CAN0_ORed_16_31_MB_IRQHandler
                0x0000bf8e        0xe ./SDK/platform/drivers/src/flexcan/flexcan_irq.o
                0x0000bf8e                CAN0_ORed_16_31_MB_IRQHandler
 .text.CAN1_ORed_IRQHandler
                0x0000bf9c        0xe ./SDK/platform/drivers/src/flexcan/flexcan_irq.o
                0x0000bf9c                CAN1_ORed_IRQHandler
 .text.CAN1_Error_IRQHandler
                0x0000bfaa        0xe ./SDK/platform/drivers/src/flexcan/flexcan_irq.o
                0x0000bfaa                CAN1_Error_IRQHandler
 .text.CAN1_ORed_0_15_MB_IRQHandler
                0x0000bfb8        0xe ./SDK/platform/drivers/src/flexcan/flexcan_irq.o
                0x0000bfb8                CAN1_ORed_0_15_MB_IRQHandler
 .text.CAN2_ORed_IRQHandler
                0x0000bfc6        0xe ./SDK/platform/drivers/src/flexcan/flexcan_irq.o
                0x0000bfc6                CAN2_ORed_IRQHandler
 .text.CAN2_Error_IRQHandler
                0x0000bfd4        0xe ./SDK/platform/drivers/src/flexcan/flexcan_irq.o
                0x0000bfd4                CAN2_Error_IRQHandler
 .text.CAN2_ORed_0_15_MB_IRQHandler
                0x0000bfe2        0xe ./SDK/platform/drivers/src/flexcan/flexcan_irq.o
                0x0000bfe2                CAN2_ORed_0_15_MB_IRQHandler
 .text.DevAssert
                0x0000bff0       0x22 ./SDK/platform/drivers/src/ftm/ftm_common.o
 .text.FTM_DRV_GetClockPs
                0x0000c012       0x20 ./SDK/platform/drivers/src/ftm/ftm_common.o
 .text.FTM_DRV_SetTimerOverflowInt
                0x0000c032       0x2e ./SDK/platform/drivers/src/ftm/ftm_common.o
 .text.FTM_DRV_SetHardwareSyncTriggerSrc
                0x0000c060       0x58 ./SDK/platform/drivers/src/ftm/ftm_common.o
 .text.FTM_DRV_SetOutmaskPwmSyncModeCmd
                0x0000c0b8       0x2e ./SDK/platform/drivers/src/ftm/ftm_common.o
 .text.FTM_DRV_SetMaxLoadingCmd
                0x0000c0e6       0x2e ./SDK/platform/drivers/src/ftm/ftm_common.o
 .text.FTM_DRV_SetMinLoadingCmd
                0x0000c114       0x28 ./SDK/platform/drivers/src/ftm/ftm_common.o
 .text.FTM_DRV_SetInitTriggerCmd
                0x0000c13c       0x2e ./SDK/platform/drivers/src/ftm/ftm_common.o
 .text.FTM_DRV_SetBdmMode
                0x0000c16a       0x30 ./SDK/platform/drivers/src/ftm/ftm_common.o
 .text.FTM_DRV_SetSwoctrlHardwareSyncModeCmd
                0x0000c19a       0x32 ./SDK/platform/drivers/src/ftm/ftm_common.o
 .text.FTM_DRV_SetInvctrlHardwareSyncModeCmd
                0x0000c1cc       0x32 ./SDK/platform/drivers/src/ftm/ftm_common.o
 .text.FTM_DRV_SetOutmaskHardwareSyncModeCmd
                0x0000c1fe       0x32 ./SDK/platform/drivers/src/ftm/ftm_common.o
 .text.FTM_DRV_SetModCntinCvHardwareSyncModeCmd
                0x0000c230       0x32 ./SDK/platform/drivers/src/ftm/ftm_common.o
 .text.FTM_DRV_SetCounterHardwareSyncModeCmd
                0x0000c262       0x32 ./SDK/platform/drivers/src/ftm/ftm_common.o
 .text.FTM_DRV_SetSwoctrlSoftwareSyncModeCmd
                0x0000c294       0x32 ./SDK/platform/drivers/src/ftm/ftm_common.o
 .text.FTM_DRV_SetInvctrlSoftwareSyncModeCmd
                0x0000c2c6       0x32 ./SDK/platform/drivers/src/ftm/ftm_common.o
 .text.FTM_DRV_SetOutmaskSoftwareSyncModeCmd
                0x0000c2f8       0x32 ./SDK/platform/drivers/src/ftm/ftm_common.o
 .text.FTM_DRV_SetModCntinCvSoftwareSyncModeCmd
                0x0000c32a       0x32 ./SDK/platform/drivers/src/ftm/ftm_common.o
 .text.FTM_DRV_SetHwTriggerSyncModeCmd
                0x0000c35c       0x2c ./SDK/platform/drivers/src/ftm/ftm_common.o
 .text.FTM_DRV_SetCounterSoftwareSyncModeCmd
                0x0000c388       0x32 ./SDK/platform/drivers/src/ftm/ftm_common.o
 .text.FTM_DRV_SetPwmSyncModeCmd
                0x0000c3ba       0x30 ./SDK/platform/drivers/src/ftm/ftm_common.o
 .text.FTM_DRV_SetSwoctrlPwmSyncModeCmd
                0x0000c3ea       0x32 ./SDK/platform/drivers/src/ftm/ftm_common.o
 .text.FTM_DRV_SetInvctrlPwmSyncModeCmd
                0x0000c41c       0x32 ./SDK/platform/drivers/src/ftm/ftm_common.o
 .text.FTM_DRV_SetCntinPwmSyncModeCmd
                0x0000c44e       0x32 ./SDK/platform/drivers/src/ftm/ftm_common.o
 .text.FTM_DRV_Init
                0x0000c480      0x1c4 ./SDK/platform/drivers/src/ftm/ftm_common.o
                0x0000c480                FTM_DRV_Init
 .text.FTM_DRV_SetSync
                0x0000c644      0x1a0 ./SDK/platform/drivers/src/ftm/ftm_common.o
                0x0000c644                FTM_DRV_SetSync
 .text.FTM_DRV_GetFrequency
                0x0000c7e4       0xd8 ./SDK/platform/drivers/src/ftm/ftm_common.o
                0x0000c7e4                FTM_DRV_GetFrequency
 .text.FTM_DRV_ConvertFreqToPeriodTicks
                0x0000c8bc       0x54 ./SDK/platform/drivers/src/ftm/ftm_common.o
                0x0000c8bc                FTM_DRV_ConvertFreqToPeriodTicks
 .text.DevAssert
                0x0000c910       0x22 ./SDK/platform/drivers/src/ftm/ftm_hw_access.o
 .text.FTM_DRV_SetClockPs
                0x0000c932       0x2c ./SDK/platform/drivers/src/ftm/ftm_hw_access.o
 .text.FTM_DRV_Enable
                0x0000c95e       0x28 ./SDK/platform/drivers/src/ftm/ftm_hw_access.o
 .text.FTM_DRV_InitModule
                0x0000c986       0x26 ./SDK/platform/drivers/src/ftm/ftm_hw_access.o
                0x0000c986                FTM_DRV_InitModule
 .text.FTM_DRV_Reset
                0x0000c9ac       0xfe ./SDK/platform/drivers/src/ftm/ftm_hw_access.o
                0x0000c9ac                FTM_DRV_Reset
 .text.FTM_DRV_SetChnTriggerCmd
                0x0000caaa       0x84 ./SDK/platform/drivers/src/ftm/ftm_hw_access.o
                0x0000caaa                FTM_DRV_SetChnTriggerCmd
 .text.DevAssert
                0x0000cb2e       0x22 ./SDK/platform/drivers/src/ftm/ftm_pwm_driver.o
 .text.FTM_DRV_GetMod
                0x0000cb50       0x1a ./SDK/platform/drivers/src/ftm/ftm_pwm_driver.o
 .text.FTM_DRV_SetClockSource
                0x0000cb6a       0x2e ./SDK/platform/drivers/src/ftm/ftm_pwm_driver.o
 .text.FTM_DRV_EnablePwmChannelOutputs
                0x0000cb98       0x2a ./SDK/platform/drivers/src/ftm/ftm_pwm_driver.o
 .text.FTM_DRV_ClearTimerOverflow
                0x0000cbc2       0x24 ./SDK/platform/drivers/src/ftm/ftm_pwm_driver.o
 .text.FTM_DRV_SetCpwms
                0x0000cbe6       0x2e ./SDK/platform/drivers/src/ftm/ftm_pwm_driver.o
 .text.FTM_DRV_GetCpwms
                0x0000cc14       0x26 ./SDK/platform/drivers/src/ftm/ftm_pwm_driver.o
 .text.FTM_DRV_GetClockSource
                0x0000cc3a       0x22 ./SDK/platform/drivers/src/ftm/ftm_pwm_driver.o
 .text.FTM_DRV_SetMod
                0x0000cc5c       0x28 ./SDK/platform/drivers/src/ftm/ftm_pwm_driver.o
 .text.FTM_DRV_SetCounterInitVal
                0x0000cc84       0x28 ./SDK/platform/drivers/src/ftm/ftm_pwm_driver.o
 .text.FTM_DRV_SetChnMSnBAMode
                0x0000ccac       0x78 ./SDK/platform/drivers/src/ftm/ftm_pwm_driver.o
 .text.FTM_DRV_SetChnEdgeLevel
                0x0000cd24       0x78 ./SDK/platform/drivers/src/ftm/ftm_pwm_driver.o
 .text.FTM_DRV_SetChnCountVal
                0x0000cd9c       0x38 ./SDK/platform/drivers/src/ftm/ftm_pwm_driver.o
 .text.FTM_DRV_SetChnOutputPolarityCmd
                0x0000cdd4       0x5e ./SDK/platform/drivers/src/ftm/ftm_pwm_driver.o
 .text.FTM_DRV_SetChnFaultInputPolarityCmd
                0x0000ce32       0x60 ./SDK/platform/drivers/src/ftm/ftm_pwm_driver.o
 .text.FTM_DRV_SetFaultInt
                0x0000ce92       0x2c ./SDK/platform/drivers/src/ftm/ftm_pwm_driver.o
 .text.FTM_DRV_SetFaultControlMode
                0x0000cebe       0x2c ./SDK/platform/drivers/src/ftm/ftm_pwm_driver.o
 .text.FTM_DRV_SetInitChnOutputCmd
                0x0000ceea       0x2e ./SDK/platform/drivers/src/ftm/ftm_pwm_driver.o
 .text.FTM_DRV_SetWriteProtectionCmd
                0x0000cf18       0x38 ./SDK/platform/drivers/src/ftm/ftm_pwm_driver.o
 .text.FTM_DRV_Enable
                0x0000cf50       0x28 ./SDK/platform/drivers/src/ftm/ftm_pwm_driver.o
 .text.FTM_DRV_SetPwmSyncMode
                0x0000cf78       0x2e ./SDK/platform/drivers/src/ftm/ftm_pwm_driver.o
 .text.FTM_DRV_SetSoftwareTriggerCmd
                0x0000cfa6       0x2c ./SDK/platform/drivers/src/ftm/ftm_pwm_driver.o
 .text.FTM_DRV_SetDualChnMofCombineCmd
                0x0000cfd2       0x5c ./SDK/platform/drivers/src/ftm/ftm_pwm_driver.o
 .text.FTM_DRV_SetDualChnFaultCmd
                0x0000d02e       0x5c ./SDK/platform/drivers/src/ftm/ftm_pwm_driver.o
 .text.FTM_DRV_SetDualChnPwmSyncCmd
                0x0000d08a       0x5c ./SDK/platform/drivers/src/ftm/ftm_pwm_driver.o
 .text.FTM_DRV_SetDualChnDeadtimeCmd
                0x0000d0e6       0x5c ./SDK/platform/drivers/src/ftm/ftm_pwm_driver.o
 .text.FTM_DRV_SetDualEdgeCaptureCmd
                0x0000d142       0x5c ./SDK/platform/drivers/src/ftm/ftm_pwm_driver.o
 .text.FTM_DRV_SetDualChnCompCmd
                0x0000d19e       0x5c ./SDK/platform/drivers/src/ftm/ftm_pwm_driver.o
 .text.FTM_DRV_SetDualChnCombineCmd
                0x0000d1fa       0x5c ./SDK/platform/drivers/src/ftm/ftm_pwm_driver.o
 .text.FTM_DRV_GetDualChnCombineCmd
                0x0000d256       0x40 ./SDK/platform/drivers/src/ftm/ftm_pwm_driver.o
 .text.FTM_DRV_GetDualChnMofCombineCmd
                0x0000d296       0x40 ./SDK/platform/drivers/src/ftm/ftm_pwm_driver.o
 .text.FTM_DRV_SetDeadtimePrescale
                0x0000d2d6       0x2c ./SDK/platform/drivers/src/ftm/ftm_pwm_driver.o
 .text.FTM_DRV_SetDeadtimeCount
                0x0000d302       0x3a ./SDK/platform/drivers/src/ftm/ftm_pwm_driver.o
 .text.FTM_DRV_SetFaultInputFilterVal
                0x0000d33c       0x2c ./SDK/platform/drivers/src/ftm/ftm_pwm_driver.o
 .text.FTM_DRV_SetFaultInputFilterCmd
                0x0000d368       0x5c ./SDK/platform/drivers/src/ftm/ftm_pwm_driver.o
 .text.FTM_DRV_SetFaultInputCmd
                0x0000d3c4       0x58 ./SDK/platform/drivers/src/ftm/ftm_pwm_driver.o
 .text.FTM_DRV_SetPwmFaultBehavior
                0x0000d41c       0x38 ./SDK/platform/drivers/src/ftm/ftm_pwm_driver.o
 .text.FTM_DRV_InitPwmIndependentChannel
                0x0000d454      0x234 ./SDK/platform/drivers/src/ftm/ftm_pwm_driver.o
 .text.FTM_DRV_InitPwmCombinedChannel
                0x0000d688      0x28c ./SDK/platform/drivers/src/ftm/ftm_pwm_driver.o
 .text.FTM_DRV_InitPwmDutyCycleChannel
                0x0000d914       0xc6 ./SDK/platform/drivers/src/ftm/ftm_pwm_driver.o
 *fill*         0x0000d9da        0x2 
 .text.FTM_DRV_InitPwm
                0x0000d9dc      0x22c ./SDK/platform/drivers/src/ftm/ftm_pwm_driver.o
                0x0000d9dc                FTM_DRV_InitPwm
 .text.FTM_DRV_UpdatePwmChannel
                0x0000dc08      0x1b8 ./SDK/platform/drivers/src/ftm/ftm_pwm_driver.o
                0x0000dc08                FTM_DRV_UpdatePwmChannel
 .text.DevAssert
                0x0000ddc0       0x22 ./SDK/platform/drivers/src/interrupt/interrupt_manager.o
 *fill*         0x0000dde2        0x2 
 .text.INT_SYS_InstallHandler
                0x0000dde4       0xc8 ./SDK/platform/drivers/src/interrupt/interrupt_manager.o
                0x0000dde4                INT_SYS_InstallHandler
 .text.INT_SYS_EnableIRQ
                0x0000deac       0x58 ./SDK/platform/drivers/src/interrupt/interrupt_manager.o
                0x0000deac                INT_SYS_EnableIRQ
 .text.INT_SYS_DisableIRQ
                0x0000df04       0x58 ./SDK/platform/drivers/src/interrupt/interrupt_manager.o
                0x0000df04                INT_SYS_DisableIRQ
 .text.INT_SYS_EnableIRQGlobal
                0x0000df5c       0x30 ./SDK/platform/drivers/src/interrupt/interrupt_manager.o
                0x0000df5c                INT_SYS_EnableIRQGlobal
 .text.BIT      0x0000df8c       0x2c ./SDK/platform/drivers/src/lin/lin_common.o
 .text.LIN_DRV_ProcessParity
                0x0000dfb8       0xd0 ./SDK/platform/drivers/src/lin/lin_common.o
                0x0000dfb8                LIN_DRV_ProcessParity
 .text.LIN_DRV_MakeChecksumByte
                0x0000e088       0x7a ./SDK/platform/drivers/src/lin/lin_common.o
                0x0000e088                LIN_DRV_MakeChecksumByte
 .text.LIN_DRV_Init
                0x0000e102       0x28 ./SDK/platform/drivers/src/lin/lin_driver.o
                0x0000e102                LIN_DRV_Init
 .text.LIN_DRV_InstallCallback
                0x0000e12a       0x22 ./SDK/platform/drivers/src/lin/lin_driver.o
                0x0000e12a                LIN_DRV_InstallCallback
 .text.LIN_DRV_SendFrameData
                0x0000e14c       0x2c ./SDK/platform/drivers/src/lin/lin_driver.o
                0x0000e14c                LIN_DRV_SendFrameData
 .text.LIN_DRV_ReceiveFrameData
                0x0000e178       0x2c ./SDK/platform/drivers/src/lin/lin_driver.o
                0x0000e178                LIN_DRV_ReceiveFrameData
 .text.LIN_DRV_AbortTransferData
                0x0000e1a4       0x20 ./SDK/platform/drivers/src/lin/lin_driver.o
                0x0000e1a4                LIN_DRV_AbortTransferData
 .text.LIN_DRV_GetReceiveStatus
                0x0000e1c4       0x24 ./SDK/platform/drivers/src/lin/lin_driver.o
                0x0000e1c4                LIN_DRV_GetReceiveStatus
 .text.LIN_DRV_GoToSleepMode
                0x0000e1e8       0x20 ./SDK/platform/drivers/src/lin/lin_driver.o
                0x0000e1e8                LIN_DRV_GoToSleepMode
 .text.LIN_DRV_GotoIdleState
                0x0000e208       0x20 ./SDK/platform/drivers/src/lin/lin_driver.o
                0x0000e208                LIN_DRV_GotoIdleState
 .text.LIN_DRV_TimeoutService
                0x0000e228       0x16 ./SDK/platform/drivers/src/lin/lin_driver.o
                0x0000e228                LIN_DRV_TimeoutService
 .text.LIN_DRV_SetTimeoutCounter
                0x0000e23e       0x1a ./SDK/platform/drivers/src/lin/lin_driver.o
                0x0000e23e                LIN_DRV_SetTimeoutCounter
 .text.LIN_DRV_MasterSendHeader
                0x0000e258       0x28 ./SDK/platform/drivers/src/lin/lin_driver.o
                0x0000e258                LIN_DRV_MasterSendHeader
 .text.LIN_DRV_IRQHandler
                0x0000e280       0x16 ./SDK/platform/drivers/src/lin/lin_driver.o
                0x0000e280                LIN_DRV_IRQHandler
 .text.LIN_LPUART0_RxTx_IRQHandler
                0x0000e296        0xe ./SDK/platform/drivers/src/lin/lin_irq.o
                0x0000e296                LIN_LPUART0_RxTx_IRQHandler
 .text.LIN_LPUART1_RxTx_IRQHandler
                0x0000e2a4        0xe ./SDK/platform/drivers/src/lin/lin_irq.o
                0x0000e2a4                LIN_LPUART1_RxTx_IRQHandler
 .text.LIN_LPUART2_RxTx_IRQHandler
                0x0000e2b2        0xe ./SDK/platform/drivers/src/lin/lin_irq.o
                0x0000e2b2                LIN_LPUART2_RxTx_IRQHandler
 .text.DevAssert
                0x0000e2c0       0x22 ./SDK/platform/drivers/src/lptmr/lptmr_driver.o
 .text.LPTMR_SetDmaRequest
                0x0000e2e2       0x4e ./SDK/platform/drivers/src/lptmr/lptmr_driver.o
 .text.LPTMR_ClearCompareFlag
                0x0000e330       0x3a ./SDK/platform/drivers/src/lptmr/lptmr_driver.o
 .text.LPTMR_SetInterrupt
                0x0000e36a       0x4c ./SDK/platform/drivers/src/lptmr/lptmr_driver.o
 .text.LPTMR_SetPinSelect
                0x0000e3b6       0x48 ./SDK/platform/drivers/src/lptmr/lptmr_driver.o
 .text.LPTMR_SetPinPolarity
                0x0000e3fe       0x48 ./SDK/platform/drivers/src/lptmr/lptmr_driver.o
 .text.LPTMR_SetFreeRunning
                0x0000e446       0x4c ./SDK/platform/drivers/src/lptmr/lptmr_driver.o
 .text.LPTMR_GetWorkMode
                0x0000e492       0x40 ./SDK/platform/drivers/src/lptmr/lptmr_driver.o
 .text.LPTMR_SetWorkMode
                0x0000e4d2       0x48 ./SDK/platform/drivers/src/lptmr/lptmr_driver.o
 .text.LPTMR_Enable
                0x0000e51a       0x3e ./SDK/platform/drivers/src/lptmr/lptmr_driver.o
 .text.LPTMR_SetPrescaler
                0x0000e558       0x48 ./SDK/platform/drivers/src/lptmr/lptmr_driver.o
 .text.LPTMR_GetBypass
                0x0000e5a0       0x3e ./SDK/platform/drivers/src/lptmr/lptmr_driver.o
 .text.LPTMR_SetBypass
                0x0000e5de       0x4c ./SDK/platform/drivers/src/lptmr/lptmr_driver.o
 .text.LPTMR_GetClockSelect
                0x0000e62a       0x34 ./SDK/platform/drivers/src/lptmr/lptmr_driver.o
 .text.LPTMR_SetClockSelect
                0x0000e65e       0x46 ./SDK/platform/drivers/src/lptmr/lptmr_driver.o
 .text.LPTMR_SetCompareValue
                0x0000e6a4       0x42 ./SDK/platform/drivers/src/lptmr/lptmr_driver.o
 .text.LPTMR_GetCounterValue
                0x0000e6e6       0x30 ./SDK/platform/drivers/src/lptmr/lptmr_driver.o
 *fill*         0x0000e716        0x2 
 .text.lptmr_us2nn
                0x0000e718       0x70 ./SDK/platform/drivers/src/lptmr/lptmr_driver.o
 .text.lptmr_compute_nticks
                0x0000e788       0x82 ./SDK/platform/drivers/src/lptmr/lptmr_driver.o
 .text.nticks2compare_ticks
                0x0000e80a       0x56 ./SDK/platform/drivers/src/lptmr/lptmr_driver.o
 .text.lptmr_GetClkFreq
                0x0000e860       0xd4 ./SDK/platform/drivers/src/lptmr/lptmr_driver.o
 .text.lptmr_ChooseClkConfig
                0x0000e934       0xaa ./SDK/platform/drivers/src/lptmr/lptmr_driver.o
 *fill*         0x0000e9de        0x2 
 .text.LPTMR_DRV_Init
                0x0000e9e0       0x58 ./SDK/platform/drivers/src/lptmr/lptmr_driver.o
                0x0000e9e0                LPTMR_DRV_Init
 .text.LPTMR_DRV_SetConfig
                0x0000ea38      0x1e4 ./SDK/platform/drivers/src/lptmr/lptmr_driver.o
                0x0000ea38                LPTMR_DRV_SetConfig
 .text.LPTMR_DRV_ClearCompareFlag
                0x0000ec1c       0x30 ./SDK/platform/drivers/src/lptmr/lptmr_driver.o
                0x0000ec1c                LPTMR_DRV_ClearCompareFlag
 .text.LPTMR_DRV_GetCounterValueByCount
                0x0000ec4c       0x38 ./SDK/platform/drivers/src/lptmr/lptmr_driver.o
                0x0000ec4c                LPTMR_DRV_GetCounterValueByCount
 .text.LPTMR_DRV_StartCounter
                0x0000ec84       0x78 ./SDK/platform/drivers/src/lptmr/lptmr_driver.o
                0x0000ec84                LPTMR_DRV_StartCounter
 .text.DevAssert
                0x0000ecfc       0x22 ./SDK/platform/drivers/src/lptmr/lptmr_hw_access.o
 .text.LPTMR_Init
                0x0000ed1e       0x48 ./SDK/platform/drivers/src/lptmr/lptmr_hw_access.o
                0x0000ed1e                LPTMR_Init
 .text.DevAssert
                0x0000ed66       0x22 ./SDK/platform/drivers/src/lpuart/lin_lpuart_driver.o
 .text.LPUART_SetTransmitterCmd
                0x0000ed88       0x50 ./SDK/platform/drivers/src/lpuart/lin_lpuart_driver.o
 .text.LPUART_SetReceiverCmd
                0x0000edd8       0x50 ./SDK/platform/drivers/src/lpuart/lin_lpuart_driver.o
 .text.LPUART_SetStopBitCount
                0x0000ee28       0x2a ./SDK/platform/drivers/src/lpuart/lin_lpuart_driver.o
 .text.LPUART_Putchar
                0x0000ee52       0x24 ./SDK/platform/drivers/src/lpuart/lin_lpuart_driver.o
 .text.LPUART_Getchar
                0x0000ee76       0x2e ./SDK/platform/drivers/src/lpuart/lin_lpuart_driver.o
 .text.LPUART_GetRxDataPolarity
                0x0000eea4       0x28 ./SDK/platform/drivers/src/lpuart/lin_lpuart_driver.o
 .text.LPUART_SetRxDataPolarity
                0x0000eecc       0x38 ./SDK/platform/drivers/src/lpuart/lin_lpuart_driver.o
 .text.LPUART_SetBreakCharTransmitLength
                0x0000ef04       0x2e ./SDK/platform/drivers/src/lpuart/lin_lpuart_driver.o
 .text.LPUART_SetBreakCharDetectLength
                0x0000ef32       0x2e ./SDK/platform/drivers/src/lpuart/lin_lpuart_driver.o
 .text.LPUART_QueueBreakField
                0x0000ef60       0x1c ./SDK/platform/drivers/src/lpuart/lin_lpuart_driver.o
 .text.LIN_LPUART_DRV_Init
                0x0000ef7c      0x268 ./SDK/platform/drivers/src/lpuart/lin_lpuart_driver.o
                0x0000ef7c                LIN_LPUART_DRV_Init
 .text.LIN_LPUART_DRV_InstallCallback
                0x0000f1e4       0x40 ./SDK/platform/drivers/src/lpuart/lin_lpuart_driver.o
                0x0000f1e4                LIN_LPUART_DRV_InstallCallback
 .text.LIN_LPUART_DRV_MakeChecksumByte
                0x0000f224       0x90 ./SDK/platform/drivers/src/lpuart/lin_lpuart_driver.o
 .text.LIN_LPUART_DRV_SendFrameData
                0x0000f2b4       0xf0 ./SDK/platform/drivers/src/lpuart/lin_lpuart_driver.o
                0x0000f2b4                LIN_LPUART_DRV_SendFrameData
 .text.LIN_LPUART_DRV_RecvFrmData
                0x0000f3a4       0xd0 ./SDK/platform/drivers/src/lpuart/lin_lpuart_driver.o
                0x0000f3a4                LIN_LPUART_DRV_RecvFrmData
 .text.LIN_LPUART_DRV_AbortTransferData
                0x0000f474       0x48 ./SDK/platform/drivers/src/lpuart/lin_lpuart_driver.o
                0x0000f474                LIN_LPUART_DRV_AbortTransferData
 .text.LIN_LPUART_DRV_GetReceiveStatus
                0x0000f4bc       0x78 ./SDK/platform/drivers/src/lpuart/lin_lpuart_driver.o
                0x0000f4bc                LIN_LPUART_DRV_GetReceiveStatus
 .text.LIN_LPUART_DRV_GoToSleepMode